Archive member included to satisfy reference by file (symbol)

d:/embedded/gcc-arm-none-eabi-9-2019-q4-major-win32/bin/../lib/gcc/arm-none-eabi/9.2.1/../../../../arm-none-eabi/lib/thumb/v7e-m/nofp\libg_nano.a(lib_a-exit.o)
                              d:/embedded/gcc-arm-none-eabi-9-2019-q4-major-win32/bin/../lib/gcc/arm-none-eabi/9.2.1/../../../../arm-none-eabi/lib/thumb/v7e-m/nofp/crt0.o (exit)
d:/embedded/gcc-arm-none-eabi-9-2019-q4-major-win32/bin/../lib/gcc/arm-none-eabi/9.2.1/../../../../arm-none-eabi/lib/thumb/v7e-m/nofp\libg_nano.a(lib_a-impure.o)
                              d:/embedded/gcc-arm-none-eabi-9-2019-q4-major-win32/bin/../lib/gcc/arm-none-eabi/9.2.1/../../../../arm-none-eabi/lib/thumb/v7e-m/nofp\libg_nano.a(lib_a-exit.o) (_global_impure_ptr)
d:/embedded/gcc-arm-none-eabi-9-2019-q4-major-win32/bin/../lib/gcc/arm-none-eabi/9.2.1/../../../../arm-none-eabi/lib/thumb/v7e-m/nofp\libg_nano.a(lib_a-init.o)
                              d:/embedded/gcc-arm-none-eabi-9-2019-q4-major-win32/bin/../lib/gcc/arm-none-eabi/9.2.1/../../../../arm-none-eabi/lib/thumb/v7e-m/nofp/crt0.o (__libc_init_array)
d:/embedded/gcc-arm-none-eabi-9-2019-q4-major-win32/bin/../lib/gcc/arm-none-eabi/9.2.1/../../../../arm-none-eabi/lib/thumb/v7e-m/nofp\libg_nano.a(lib_a-memset.o)
                              d:/embedded/gcc-arm-none-eabi-9-2019-q4-major-win32/bin/../lib/gcc/arm-none-eabi/9.2.1/../../../../arm-none-eabi/lib/thumb/v7e-m/nofp/crt0.o (memset)
d:/embedded/gcc-arm-none-eabi-9-2019-q4-major-win32/bin/../lib/gcc/arm-none-eabi/9.2.1/../../../../arm-none-eabi/lib/thumb/v7e-m/nofp\libg_nano.a(lib_a-puts.o)
                              CMakeFiles/F407_Template.elf.dir/01_App/main.c.obj (puts)
d:/embedded/gcc-arm-none-eabi-9-2019-q4-major-win32/bin/../lib/gcc/arm-none-eabi/9.2.1/../../../../arm-none-eabi/lib/thumb/v7e-m/nofp\libg_nano.a(lib_a-sprintf.o)
                              CMakeFiles/F407_Template.elf.dir/01_App/main.c.obj (sprintf)
d:/embedded/gcc-arm-none-eabi-9-2019-q4-major-win32/bin/../lib/gcc/arm-none-eabi/9.2.1/../../../../arm-none-eabi/lib/thumb/v7e-m/nofp\libg_nano.a(lib_a-wbuf.o)
                              d:/embedded/gcc-arm-none-eabi-9-2019-q4-major-win32/bin/../lib/gcc/arm-none-eabi/9.2.1/../../../../arm-none-eabi/lib/thumb/v7e-m/nofp\libg_nano.a(lib_a-puts.o) (__swbuf_r)
d:/embedded/gcc-arm-none-eabi-9-2019-q4-major-win32/bin/../lib/gcc/arm-none-eabi/9.2.1/../../../../arm-none-eabi/lib/thumb/v7e-m/nofp\libg_nano.a(lib_a-wsetup.o)
                              d:/embedded/gcc-arm-none-eabi-9-2019-q4-major-win32/bin/../lib/gcc/arm-none-eabi/9.2.1/../../../../arm-none-eabi/lib/thumb/v7e-m/nofp\libg_nano.a(lib_a-puts.o) (__swsetup_r)
d:/embedded/gcc-arm-none-eabi-9-2019-q4-major-win32/bin/../lib/gcc/arm-none-eabi/9.2.1/../../../../arm-none-eabi/lib/thumb/v7e-m/nofp\libg_nano.a(lib_a-fflush.o)
                              d:/embedded/gcc-arm-none-eabi-9-2019-q4-major-win32/bin/../lib/gcc/arm-none-eabi/9.2.1/../../../../arm-none-eabi/lib/thumb/v7e-m/nofp\libg_nano.a(lib_a-wbuf.o) (_fflush_r)
d:/embedded/gcc-arm-none-eabi-9-2019-q4-major-win32/bin/../lib/gcc/arm-none-eabi/9.2.1/../../../../arm-none-eabi/lib/thumb/v7e-m/nofp\libg_nano.a(lib_a-findfp.o)
                              d:/embedded/gcc-arm-none-eabi-9-2019-q4-major-win32/bin/../lib/gcc/arm-none-eabi/9.2.1/../../../../arm-none-eabi/lib/thumb/v7e-m/nofp\libg_nano.a(lib_a-puts.o) (__sinit)
d:/embedded/gcc-arm-none-eabi-9-2019-q4-major-win32/bin/../lib/gcc/arm-none-eabi/9.2.1/../../../../arm-none-eabi/lib/thumb/v7e-m/nofp\libg_nano.a(lib_a-fwalk.o)
                              d:/embedded/gcc-arm-none-eabi-9-2019-q4-major-win32/bin/../lib/gcc/arm-none-eabi/9.2.1/../../../../arm-none-eabi/lib/thumb/v7e-m/nofp\libg_nano.a(lib_a-findfp.o) (_fwalk)
d:/embedded/gcc-arm-none-eabi-9-2019-q4-major-win32/bin/../lib/gcc/arm-none-eabi/9.2.1/../../../../arm-none-eabi/lib/thumb/v7e-m/nofp\libg_nano.a(lib_a-lock.o)
                              d:/embedded/gcc-arm-none-eabi-9-2019-q4-major-win32/bin/../lib/gcc/arm-none-eabi/9.2.1/../../../../arm-none-eabi/lib/thumb/v7e-m/nofp\libg_nano.a(lib_a-findfp.o) (__retarget_lock_init_recursive)
d:/embedded/gcc-arm-none-eabi-9-2019-q4-major-win32/bin/../lib/gcc/arm-none-eabi/9.2.1/../../../../arm-none-eabi/lib/thumb/v7e-m/nofp\libg_nano.a(lib_a-makebuf.o)
                              d:/embedded/gcc-arm-none-eabi-9-2019-q4-major-win32/bin/../lib/gcc/arm-none-eabi/9.2.1/../../../../arm-none-eabi/lib/thumb/v7e-m/nofp\libg_nano.a(lib_a-wsetup.o) (__smakebuf_r)
d:/embedded/gcc-arm-none-eabi-9-2019-q4-major-win32/bin/../lib/gcc/arm-none-eabi/9.2.1/../../../../arm-none-eabi/lib/thumb/v7e-m/nofp\libg_nano.a(lib_a-nano-freer.o)
                              d:/embedded/gcc-arm-none-eabi-9-2019-q4-major-win32/bin/../lib/gcc/arm-none-eabi/9.2.1/../../../../arm-none-eabi/lib/thumb/v7e-m/nofp\libg_nano.a(lib_a-wsetup.o) (_free_r)
[...]
Memory Configuration

Name             Origin             Length             Attributes
RAM              0x20000000         0x00020000         xrw
CCMRAM           0x10000000         0x00010000         rw
FLASH            0x08000000         0x00080000         xr
*default*        0x00000000         0xffffffff

Linker script and memory map

LOAD d:/embedded/gcc-arm-none-eabi-9-2019-q4-major-win32/bin/../lib/gcc/arm-none-eabi/9.2.1/thumb/v7e-m/nofp/crti.o
LOAD d:/embedded/gcc-arm-none-eabi-9-2019-q4-major-win32/bin/../lib/gcc/arm-none-eabi/9.2.1/thumb/v7e-m/nofp/crtbegin.o
LOAD d:/embedded/gcc-arm-none-eabi-9-2019-q4-major-win32/bin/../lib/gcc/arm-none-eabi/9.2.1/../../../../arm-none-eabi/lib/thumb/v7e-m/nofp/crt0.o
LOAD CMakeFiles/F407_Template.elf.dir/01_App/main.c.obj
LOAD CMakeFiles/F407_Template.elf.dir/02_Platform/Source/01_.c.obj
LOAD CMakeFiles/F407_Template.elf.dir/04_ModuleDrivers/Source/bsp_gpio_led.c.obj
LOAD CMakeFiles/F407_Template.elf.dir/04_ModuleDrivers/Source/bsp_usart_debug.c.obj
LOAD CMakeFiles/F407_Template.elf.dir/05_SystemDrivers/Source/bsp_rcc.c.obj
LOAD CMakeFiles/F407_Template.elf.dir/05_SystemDrivers/Source/bsp_systick.c.obj
LOAD CMakeFiles/F407_Template.elf.dir/06_Core/Source/stm32f4xx_it.c.obj
LOAD CMakeFiles/F407_Template.elf.dir/06_Core/Source/system_stm32f4xx.c.obj
LOAD CMakeFiles/F407_Template.elf.dir/07_Libraries/Source/misc.c.obj
LOAD CMakeFiles/F407_Template.elf.dir/07_Libraries/Source/stm32f4xx_adc.c.obj
LOAD CMakeFiles/F407_Template.elf.dir/07_Libraries/Source/stm32f4xx_can.c.obj
LOAD CMakeFiles/F407_Template.elf.dir/07_Libraries/Source/stm32f4xx_crc.c.obj
LOAD CMakeFiles/F407_Template.elf.dir/07_Libraries/Source/stm32f4xx_cryp.c.obj
LOAD CMakeFiles/F407_Template.elf.dir/07_Libraries/Source/stm32f4xx_cryp_aes.c.obj
LOAD CMakeFiles/F407_Template.elf.dir/07_Libraries/Source/stm32f4xx_cryp_des.c.obj
LOAD CMakeFiles/F407_Template.elf.dir/07_Libraries/Source/stm32f4xx_cryp_tdes.c.obj
LOAD CMakeFiles/F407_Template.elf.dir/07_Libraries/Source/stm32f4xx_dac.c.obj
LOAD CMakeFiles/F407_Template.elf.dir/07_Libraries/Source/stm32f4xx_dbgmcu.c.obj
LOAD CMakeFiles/F407_Template.elf.dir/07_Libraries/Source/stm32f4xx_dcmi.c.obj
LOAD CMakeFiles/F407_Template.elf.dir/07_Libraries/Source/stm32f4xx_dma.c.obj
LOAD CMakeFiles/F407_Template.elf.dir/07_Libraries/Source/stm32f4xx_dma2d.c.obj
LOAD CMakeFiles/F407_Template.elf.dir/07_Libraries/Source/stm32f4xx_exti.c.obj
LOAD CMakeFiles/F407_Template.elf.dir/07_Libraries/Source/stm32f4xx_flash.c.obj
LOAD CMakeFiles/F407_Template.elf.dir/07_Libraries/Source/stm32f4xx_flash_ramfunc.c.obj
LOAD CMakeFiles/F407_Template.elf.dir/07_Libraries/Source/stm32f4xx_fsmc.c.obj
LOAD CMakeFiles/F407_Template.elf.dir/07_Libraries/Source/stm32f4xx_gpio.c.obj
LOAD CMakeFiles/F407_Template.elf.dir/07_Libraries/Source/stm32f4xx_hash.c.obj
LOAD CMakeFiles/F407_Template.elf.dir/07_Libraries/Source/stm32f4xx_hash_md5.c.obj
LOAD CMakeFiles/F407_Template.elf.dir/07_Libraries/Source/stm32f4xx_hash_sha1.c.obj
LOAD CMakeFiles/F407_Template.elf.dir/07_Libraries/Source/stm32f4xx_i2c.c.obj
LOAD CMakeFiles/F407_Template.elf.dir/07_Libraries/Source/stm32f4xx_iwdg.c.obj
LOAD CMakeFiles/F407_Template.elf.dir/07_Libraries/Source/stm32f4xx_ltdc.c.obj
LOAD CMakeFiles/F407_Template.elf.dir/07_Libraries/Source/stm32f4xx_pwr.c.obj
LOAD CMakeFiles/F407_Template.elf.dir/07_Libraries/Source/stm32f4xx_rcc.c.obj
LOAD CMakeFiles/F407_Template.elf.dir/07_Libraries/Source/stm32f4xx_rng.c.obj
LOAD CMakeFiles/F407_Template.elf.dir/07_Libraries/Source/stm32f4xx_rtc.c.obj
LOAD CMakeFiles/F407_Template.elf.dir/07_Libraries/Source/stm32f4xx_sai.c.obj
LOAD CMakeFiles/F407_Template.elf.dir/07_Libraries/Source/stm32f4xx_sdio.c.obj
LOAD CMakeFiles/F407_Template.elf.dir/07_Libraries/Source/stm32f4xx_spi.c.obj
LOAD CMakeFiles/F407_Template.elf.dir/07_Libraries/Source/stm32f4xx_syscfg.c.obj
LOAD CMakeFiles/F407_Template.elf.dir/07_Libraries/Source/stm32f4xx_tim.c.obj
LOAD CMakeFiles/F407_Template.elf.dir/07_Libraries/Source/stm32f4xx_usart.c.obj
LOAD CMakeFiles/F407_Template.elf.dir/07_Libraries/Source/stm32f4xx_wwdg.c.obj
LOAD CMakeFiles/F407_Template.elf.dir/Startup/startup_stm32f40_41xxx.s.obj
START GROUP
LOAD d:/embedded/gcc-arm-none-eabi-9-2019-q4-major-win32/bin/../lib/gcc/arm-none-eabi/9.2.1/thumb/v7e-m/nofp\libgcc.a
LOAD d:/embedded/gcc-arm-none-eabi-9-2019-q4-major-win32/bin/../lib/gcc/arm-none-eabi/9.2.1/../../../../arm-none-eabi/lib/thumb/v7e-m/nofp\libg_nano.a
LOAD d:/embedded/gcc-arm-none-eabi-9-2019-q4-major-win32/bin/../lib/gcc/arm-none-eabi/9.2.1/../../../../arm-none-eabi/lib/thumb/v7e-m/nofp\libc_nano.a
END GROUP
START GROUP
LOAD d:/embedded/gcc-arm-none-eabi-9-2019-q4-major-win32/bin/../lib/gcc/arm-none-eabi/9.2.1/thumb/v7e-m/nofp\libgcc.a
LOAD d:/embedded/gcc-arm-none-eabi-9-2019-q4-major-win32/bin/../lib/gcc/arm-none-eabi/9.2.1/../../../../arm-none-eabi/lib/thumb/v7e-m/nofp\libc_nano.a
LOAD d:/embedded/gcc-arm-none-eabi-9-2019-q4-major-win32/bin/../lib/gcc/arm-none-eabi/9.2.1/../../../../arm-none-eabi/lib/thumb/v7e-m/nofp\libnosys.a
END GROUP
START GROUP
LOAD d:/embedded/gcc-arm-none-eabi-9-2019-q4-major-win32/bin/../lib/gcc/arm-none-eabi/9.2.1/thumb/v7e-m/nofp\libgcc.a
LOAD d:/embedded/gcc-arm-none-eabi-9-2019-q4-major-win32/bin/../lib/gcc/arm-none-eabi/9.2.1/../../../../arm-none-eabi/lib/thumb/v7e-m/nofp\libc_nano.a
LOAD d:/embedded/gcc-arm-none-eabi-9-2019-q4-major-win32/bin/../lib/gcc/arm-none-eabi/9.2.1/../../../../arm-none-eabi/lib/thumb/v7e-m/nofp\libnosys.a
END GROUP
LOAD d:/embedded/gcc-arm-none-eabi-9-2019-q4-major-win32/bin/../lib/gcc/arm-none-eabi/9.2.1/thumb/v7e-m/nofp/crtend.o
LOAD d:/embedded/gcc-arm-none-eabi-9-2019-q4-major-win32/bin/../lib/gcc/arm-none-eabi/9.2.1/thumb/v7e-m/nofp/crtn.o
                0x20020000                _estack = 0x20020000
                0x00000800                _Min_Heap_Size = 0x800
                0x00000400                _Min_Stack_Size = 0x400

.isr_vector     0x08000000      0x188
                0x08000000                . = ALIGN (0x4)
 *(.isr_vector)
 .isr_vector    0x08000000      0x188 CMakeFiles/F407_Template.elf.dir/Startup/startup_stm32f40_41xxx.s.obj
                0x08000000                g_pfnVectors
                0x08000188                . = ALIGN (0x4)

.text           0x08000190     0x1e60
                0x08000190                . = ALIGN (0x4)
 *(.text)
 .text          0x08000190       0x40 d:/embedded/gcc-arm-none-eabi-9-2019-q4-major-win32/bin/../lib/gcc/arm-none-eabi/9.2.1/thumb/v7e-m/nofp/crtbegin.o
 .text          0x080001d0       0xa0 d:/embedded/gcc-arm-none-eabi-9-2019-q4-major-win32/bin/../lib/gcc/arm-none-eabi/9.2.1/../../../../arm-none-eabi/lib/thumb/v7e-m/nofp\libg_nano.a(lib_a-memchr.o)
                0x080001d0                memchr
 *(.text*)
 .text.main     0x08000270       0x44 CMakeFiles/F407_Template.elf.dir/01_App/main.c.obj
                0x08000270                main
 .text.BSP_LED_GPIO_Config
                0x080002b4       0x40 CMakeFiles/F407_Template.elf.dir/04_ModuleDrivers/Source/bsp_gpio_led.c.obj
                0x080002b4                BSP_LED_GPIO_Config
 .text.NVIC_DEBUG_USART_Configuration
                0x080002f4       0x2e CMakeFiles/F407_Template.elf.dir/04_ModuleDrivers/Source/bsp_usart_debug.c.obj
 *fill*         0x08000322        0x2 
 .text.bsp_usart_debug_config
                0x08000324       0xb0 CMakeFiles/F407_Template.elf.dir/04_ModuleDrivers/Source/bsp_usart_debug.c.obj
                0x08000324                bsp_usart_debug_config
 .text.NVIC_SetPriority
                0x080003d4       0x54 CMakeFiles/F407_Template.elf.dir/05_SystemDrivers/Source/bsp_systick.c.obj
 .text.SysTick_Config
                0x08000428       0x44 CMakeFiles/F407_Template.elf.dir/05_SystemDrivers/Source/bsp_systick.c.obj
 .text.bsp_systick_init
                0x0800046c       0x2c CMakeFiles/F407_Template.elf.dir/05_SystemDrivers/Source/bsp_systick.c.obj
                0x0800046c                bsp_systick_init
 .text.TimingDelay_Decrement
                0x08000498       0x24 CMakeFiles/F407_Template.elf.dir/05_SystemDrivers/Source/bsp_systick.c.obj
                0x08000498                TimingDelay_Decrement
 .text.NMI_Handler
                0x080004bc        0xc CMakeFiles/F407_Template.elf.dir/06_Core/Source/stm32f4xx_it.c.obj
                0x080004bc                NMI_Handler
 .text.HardFault_Handler
                0x080004c8        0x6 CMakeFiles/F407_Template.elf.dir/06_Core/Source/stm32f4xx_it.c.obj
                0x080004c8                HardFault_Handler
 .text.MemManage_Handler
                0x080004ce        0x6 CMakeFiles/F407_Template.elf.dir/06_Core/Source/stm32f4xx_it.c.obj
                0x080004ce                MemManage_Handler
 .text.BusFault_Handler
                0x080004d4        0x6 CMakeFiles/F407_Template.elf.dir/06_Core/Source/stm32f4xx_it.c.obj
                0x080004d4                BusFault_Handler
 .text.UsageFault_Handler
                0x080004da        0x6 CMakeFiles/F407_Template.elf.dir/06_Core/Source/stm32f4xx_it.c.obj
                0x080004da                UsageFault_Handler
 .text.SVC_Handler
                0x080004e0        0xc CMakeFiles/F407_Template.elf.dir/06_Core/Source/stm32f4xx_it.c.obj
                0x080004e0                SVC_Handler
 .text.DebugMon_Handler
                0x080004ec        0xc CMakeFiles/F407_Template.elf.dir/06_Core/Source/stm32f4xx_it.c.obj
                0x080004ec                DebugMon_Handler
 .text.PendSV_Handler
                0x080004f8        0xc CMakeFiles/F407_Template.elf.dir/06_Core/Source/stm32f4xx_it.c.obj
                0x080004f8                PendSV_Handler
 .text.SysTick_Handler
                0x08000504        0xc CMakeFiles/F407_Template.elf.dir/06_Core/Source/stm32f4xx_it.c.obj
                0x08000504                SysTick_Handler
 .text.USART1_IRQHandler
                0x08000510       0x38 CMakeFiles/F407_Template.elf.dir/06_Core/Source/stm32f4xx_it.c.obj
                0x08000510                USART1_IRQHandler
 .text.SystemInit
                0x08000548       0x5c CMakeFiles/F407_Template.elf.dir/06_Core/Source/system_stm32f4xx.c.obj
                0x08000548                SystemInit
 .text.SetSysClock
                0x080005a4       0xf4 CMakeFiles/F407_Template.elf.dir/06_Core/Source/system_stm32f4xx.c.obj
 .text.NVIC_PriorityGroupConfig
                0x08000698       0x24 CMakeFiles/F407_Template.elf.dir/07_Libraries/Source/misc.c.obj
                0x08000698                NVIC_PriorityGroupConfig
 .text.NVIC_Init
                0x080006bc       0xc4 CMakeFiles/F407_Template.elf.dir/07_Libraries/Source/misc.c.obj
                0x080006bc                NVIC_Init
 .text.GPIO_Init
                0x08000780      0x11c CMakeFiles/F407_Template.elf.dir/07_Libraries/Source/stm32f4xx_gpio.c.obj
                0x08000780                GPIO_Init
 .text.GPIO_SetBits
                0x0800089c       0x1c CMakeFiles/F407_Template.elf.dir/07_Libraries/Source/stm32f4xx_gpio.c.obj
                0x0800089c                GPIO_SetBits
 .text.GPIO_PinAFConfig
                0x080008b8       0x90 CMakeFiles/F407_Template.elf.dir/07_Libraries/Source/stm32f4xx_gpio.c.obj
                0x080008b8                GPIO_PinAFConfig
 .text.RCC_GetClocksFreq
                0x08000948      0x15c CMakeFiles/F407_Template.elf.dir/07_Libraries/Source/stm32f4xx_rcc.c.obj
                0x08000948                RCC_GetClocksFreq
 .text.RCC_AHB1PeriphClockCmd
                0x08000aa4       0x3c CMakeFiles/F407_Template.elf.dir/07_Libraries/Source/stm32f4xx_rcc.c.obj
                0x08000aa4                RCC_AHB1PeriphClockCmd
 .text.RCC_APB2PeriphClockCmd
                0x08000ae0       0x3c CMakeFiles/F407_Template.elf.dir/07_Libraries/Source/stm32f4xx_rcc.c.obj
                0x08000ae0                RCC_APB2PeriphClockCmd
 .text.USART_Init
                0x08000b1c      0x174 CMakeFiles/F407_Template.elf.dir/07_Libraries/Source/stm32f4xx_usart.c.obj
                0x08000b1c                USART_Init
 .text.USART_Cmd
                0x08000c90       0x3e CMakeFiles/F407_Template.elf.dir/07_Libraries/Source/stm32f4xx_usart.c.obj
                0x08000c90                USART_Cmd
 .text.USART_SendData
                0x08000cce       0x22 CMakeFiles/F407_Template.elf.dir/07_Libraries/Source/stm32f4xx_usart.c.obj
                0x08000cce                USART_SendData
 .text.USART_ReceiveData
                0x08000cf0       0x1e CMakeFiles/F407_Template.elf.dir/07_Libraries/Source/stm32f4xx_usart.c.obj
                0x08000cf0                USART_ReceiveData
 .text.USART_ITConfig
                0x08000d0e       0x8e CMakeFiles/F407_Template.elf.dir/07_Libraries/Source/stm32f4xx_usart.c.obj
                0x08000d0e                USART_ITConfig
 .text.USART_GetITStatus
                0x08000d9c       0xb4 CMakeFiles/F407_Template.elf.dir/07_Libraries/Source/stm32f4xx_usart.c.obj
                0x08000d9c                USART_GetITStatus
 .text.Reset_Handler
                0x08000e50       0x5c CMakeFiles/F407_Template.elf.dir/Startup/startup_stm32f40_41xxx.s.obj
                0x08000e50                Reset_Handler
 .text.Default_Handler
                0x08000eac        0x2 CMakeFiles/F407_Template.elf.dir/Startup/startup_stm32f40_41xxx.s.obj
                0x08000eac                RTC_Alarm_IRQHandler
                0x08000eac                HASH_RNG_IRQHandler
                0x08000eac                EXTI2_IRQHandler
                0x08000eac                TIM8_CC_IRQHandler
                0x08000eac                TIM1_CC_IRQHandler
                0x08000eac                DMA2_Stream5_IRQHandler
                0x08000eac                DMA1_Stream5_IRQHandler
                0x08000eac                PVD_IRQHandler
                0x08000eac                SDIO_IRQHandler
                0x08000eac                TAMP_STAMP_IRQHandler
                0x08000eac                CAN2_RX1_IRQHandler
                0x08000eac                EXTI3_IRQHandler
                0x08000eac                TIM8_TRG_COM_TIM14_IRQHandler
                0x08000eac                TIM1_UP_TIM10_IRQHandler
                0x08000eac                TIM8_UP_TIM13_IRQHandler
                0x08000eac                I2C3_ER_IRQHandler
                0x08000eac                EXTI0_IRQHandler
                0x08000eac                I2C2_EV_IRQHandler
                0x08000eac                DMA1_Stream2_IRQHandler
                0x08000eac                CAN1_RX0_IRQHandler
                0x08000eac                FPU_IRQHandler
                0x08000eac                OTG_HS_WKUP_IRQHandler
                0x08000eac                CAN2_SCE_IRQHandler
                0x08000eac                DMA2_Stream2_IRQHandler
                0x08000eac                SPI1_IRQHandler
                0x08000eac                TIM6_DAC_IRQHandler
                0x08000eac                TIM1_BRK_TIM9_IRQHandler
                0x08000eac                DCMI_IRQHandler
                0x08000eac                CAN2_RX0_IRQHandler
                0x08000eac                DMA2_Stream3_IRQHandler
                0x08000eac                USART6_IRQHandler
                0x08000eac                USART3_IRQHandler
                0x08000eac                CRYP_IRQHandler
                0x08000eac                CAN1_RX1_IRQHandler
                0x08000eac                UART5_IRQHandler
                0x08000eac                DMA2_Stream0_IRQHandler
                0x08000eac                TIM4_IRQHandler
                0x08000eac                I2C1_EV_IRQHandler
                0x08000eac                DMA1_Stream6_IRQHandler
                0x08000eac                DMA1_Stream1_IRQHandler
                0x08000eac                UART4_IRQHandler
                0x08000eac                TIM3_IRQHandler
                0x08000eac                RCC_IRQHandler
                0x08000eac                TIM8_BRK_TIM12_IRQHandler
                0x08000eac                Default_Handler
                0x08000eac                EXTI15_10_IRQHandler
                0x08000eac                ADC_IRQHandler
                0x08000eac                DMA1_Stream7_IRQHandler
                0x08000eac                TIM7_IRQHandler
                0x08000eac                CAN2_TX_IRQHandler
                0x08000eac                TIM5_IRQHandler
                0x08000eac                DMA2_Stream7_IRQHandler
                0x08000eac                I2C3_EV_IRQHandler
                0x08000eac                EXTI9_5_IRQHandler
                0x08000eac                RTC_WKUP_IRQHandler
                0x08000eac                ETH_WKUP_IRQHandler
                0x08000eac                SPI2_IRQHandler
                0x08000eac                OTG_HS_EP1_IN_IRQHandler
                0x08000eac                DMA1_Stream0_IRQHandler
                0x08000eac                CAN1_TX_IRQHandler
                0x08000eac                EXTI4_IRQHandler
                0x08000eac                FSMC_IRQHandler
                0x08000eac                ETH_IRQHandler
                0x08000eac                OTG_HS_EP1_OUT_IRQHandler
                0x08000eac                WWDG_IRQHandler
                0x08000eac                TIM2_IRQHandler
                0x08000eac                OTG_FS_WKUP_IRQHandler
                0x08000eac                TIM1_TRG_COM_TIM11_IRQHandler
                0x08000eac                OTG_HS_IRQHandler
                0x08000eac                EXTI1_IRQHandler
                0x08000eac                USART2_IRQHandler
                0x08000eac                I2C2_ER_IRQHandler
                0x08000eac                DMA2_Stream1_IRQHandler
                0x08000eac                CAN1_SCE_IRQHandler
                0x08000eac                FLASH_IRQHandler
                0x08000eac                DMA2_Stream4_IRQHandler
                0x08000eac                OTG_FS_IRQHandler
                0x08000eac                SPI3_IRQHandler
                0x08000eac                DMA1_Stream4_IRQHandler
                0x08000eac                I2C1_ER_IRQHandler
                0x08000eac                DMA2_Stream6_IRQHandler
                0x08000eac                DMA1_Stream3_IRQHandler
 *fill*         0x08000eae        0x2 
 .text.__libc_init_array
                0x08000eb0       0x48 d:/embedded/gcc-arm-none-eabi-9-2019-q4-major-win32/bin/../lib/gcc/arm-none-eabi/9.2.1/../../../../arm-none-eabi/lib/thumb/v7e-m/nofp\libg_nano.a(lib_a-init.o)
                0x08000eb0                __libc_init_array
 .text.memset   0x08000ef8       0x10 d:/embedded/gcc-arm-none-eabi-9-2019-q4-major-win32/bin/../lib/gcc/arm-none-eabi/9.2.1/../../../../arm-none-eabi/lib/thumb/v7e-m/nofp\libg_nano.a(lib_a-memset.o)
                0x08000ef8                memset
 .text._puts_r  0x08000f08       0xdc d:/embedded/gcc-arm-none-eabi-9-2019-q4-major-win32/bin/../lib/gcc/arm-none-eabi/9.2.1/../../../../arm-none-eabi/lib/thumb/v7e-m/nofp\libg_nano.a(lib_a-puts.o)
                0x08000f08                _puts_r
 .text.puts     0x08000fe4       0x10 d:/embedded/gcc-arm-none-eabi-9-2019-q4-major-win32/bin/../lib/gcc/arm-none-eabi/9.2.1/../../../../arm-none-eabi/lib/thumb/v7e-m/nofp\libg_nano.a(lib_a-puts.o)
                0x08000fe4                puts
 .text.sprintf  0x08000ff4       0x40 d:/embedded/gcc-arm-none-eabi-9-2019-q4-major-win32/bin/../lib/gcc/arm-none-eabi/9.2.1/../../../../arm-none-eabi/lib/thumb/v7e-m/nofp\libg_nano.a(lib_a-sprintf.o)
                0x08000ff4                siprintf
                0x08000ff4                sprintf
 .text.__swbuf_r
                0x08001034       0xa4 d:/embedded/gcc-arm-none-eabi-9-2019-q4-major-win32/bin/../lib/gcc/arm-none-eabi/9.2.1/../../../../arm-none-eabi/lib/thumb/v7e-m/nofp\libg_nano.a(lib_a-wbuf.o)
                0x08001034                __swbuf_r
 .text.__swsetup_r
                0x080010d8       0xdc d:/embedded/gcc-arm-none-eabi-9-2019-q4-major-win32/bin/../lib/gcc/arm-none-eabi/9.2.1/../../../../arm-none-eabi/lib/thumb/v7e-m/nofp\libg_nano.a(lib_a-wsetup.o)
                0x080010d8                __swsetup_r
 .text.__sflush_r
                0x080011b4      0x10c d:/embedded/gcc-arm-none-eabi-9-2019-q4-major-win32/bin/../lib/gcc/arm-none-eabi/9.2.1/../../../../arm-none-eabi/lib/thumb/v7e-m/nofp\libg_nano.a(lib_a-fflush.o)
                0x080011b4                __sflush_r
 .text._fflush_r
                0x080012c0       0x78 d:/embedded/gcc-arm-none-eabi-9-2019-q4-major-win32/bin/../lib/gcc/arm-none-eabi/9.2.1/../../../../arm-none-eabi/lib/thumb/v7e-m/nofp\libg_nano.a(lib_a-fflush.o)
                0x080012c0                _fflush_r
 .text.std      0x08001338       0x48 d:/embedded/gcc-arm-none-eabi-9-2019-q4-major-win32/bin/../lib/gcc/arm-none-eabi/9.2.1/../../../../arm-none-eabi/lib/thumb/v7e-m/nofp\libg_nano.a(lib_a-findfp.o)
 .text._cleanup_r
                0x08001380        0xc d:/embedded/gcc-arm-none-eabi-9-2019-q4-major-win32/bin/../lib/gcc/arm-none-eabi/9.2.1/../../../../arm-none-eabi/lib/thumb/v7e-m/nofp\libg_nano.a(lib_a-findfp.o)
                0x08001380                _cleanup_r
 .text.__sfmoreglue
                0x0800138c       0x2c d:/embedded/gcc-arm-none-eabi-9-2019-q4-major-win32/bin/../lib/gcc/arm-none-eabi/9.2.1/../../../../arm-none-eabi/lib/thumb/v7e-m/nofp\libg_nano.a(lib_a-findfp.o)
                0x0800138c                __sfmoreglue
 .text.__sfp_lock_acquire
                0x080013b8        0xc d:/embedded/gcc-arm-none-eabi-9-2019-q4-major-win32/bin/../lib/gcc/arm-none-eabi/9.2.1/../../../../arm-none-eabi/lib/thumb/v7e-m/nofp\libg_nano.a(lib_a-findfp.o)
                0x080013b8                __sfp_lock_acquire
 .text.__sfp_lock_release
                0x080013c4        0xc d:/embedded/gcc-arm-none-eabi-9-2019-q4-major-win32/bin/../lib/gcc/arm-none-eabi/9.2.1/../../../../arm-none-eabi/lib/thumb/v7e-m/nofp\libg_nano.a(lib_a-findfp.o)
                0x080013c4                __sfp_lock_release
 .text.__sinit_lock_acquire
                0x080013d0        0xc d:/embedded/gcc-arm-none-eabi-9-2019-q4-major-win32/bin/../lib/gcc/arm-none-eabi/9.2.1/../../../../arm-none-eabi/lib/thumb/v7e-m/nofp\libg_nano.a(lib_a-findfp.o)
                0x080013d0                __sinit_lock_acquire
 .text.__sinit_lock_release
                0x080013dc        0xc d:/embedded/gcc-arm-none-eabi-9-2019-q4-major-win32/bin/../lib/gcc/arm-none-eabi/9.2.1/../../../../arm-none-eabi/lib/thumb/v7e-m/nofp\libg_nano.a(lib_a-findfp.o)
                0x080013dc                __sinit_lock_release
 .text.__sinit  0x080013e8       0x70 d:/embedded/gcc-arm-none-eabi-9-2019-q4-major-win32/bin/../lib/gcc/arm-none-eabi/9.2.1/../../../../arm-none-eabi/lib/thumb/v7e-m/nofp\libg_nano.a(lib_a-findfp.o)
                0x080013e8                __sinit
 .text.__sfp    0x08001458       0x8c d:/embedded/gcc-arm-none-eabi-9-2019-q4-major-win32/bin/../lib/gcc/arm-none-eabi/9.2.1/../../../../arm-none-eabi/lib/thumb/v7e-m/nofp\libg_nano.a(lib_a-findfp.o)
                0x08001458                __sfp
 .text._fwalk_reent
                0x080014e4       0x3e d:/embedded/gcc-arm-none-eabi-9-2019-q4-major-win32/bin/../lib/gcc/arm-none-eabi/9.2.1/../../../../arm-none-eabi/lib/thumb/v7e-m/nofp\libg_nano.a(lib_a-fwalk.o)
                0x080014e4                _fwalk_reent
 .text.__retarget_lock_init_recursive
                0x08001522        0x2 d:/embedded/gcc-arm-none-eabi-9-2019-q4-major-win32/bin/../lib/gcc/arm-none-eabi/9.2.1/../../../../arm-none-eabi/lib/thumb/v7e-m/nofp\libg_nano.a(lib_a-lock.o)
                0x08001522                __retarget_lock_init_recursive
 .text.__retarget_lock_acquire_recursive
                0x08001524        0x2 d:/embedded/gcc-arm-none-eabi-9-2019-q4-major-win32/bin/../lib/gcc/arm-none-eabi/9.2.1/../../../../arm-none-eabi/lib/thumb/v7e-m/nofp\libg_nano.a(lib_a-lock.o)
                0x08001524                __retarget_lock_acquire_recursive
 .text.__retarget_lock_release_recursive
                0x08001526        0x2 d:/embedded/gcc-arm-none-eabi-9-2019-q4-major-win32/bin/../lib/gcc/arm-none-eabi/9.2.1/../../../../arm-none-eabi/lib/thumb/v7e-m/nofp\libg_nano.a(lib_a-lock.o)
                0x08001526                __retarget_lock_release_recursive
 .text.__swhatbuf_r
                0x08001528       0x48 d:/embedded/gcc-arm-none-eabi-9-2019-q4-major-win32/bin/../lib/gcc/arm-none-eabi/9.2.1/../../../../arm-none-eabi/lib/thumb/v7e-m/nofp\libg_nano.a(lib_a-makebuf.o)
                0x08001528                __swhatbuf_r
 .text.__smakebuf_r
                0x08001570       0x80 d:/embedded/gcc-arm-none-eabi-9-2019-q4-major-win32/bin/../lib/gcc/arm-none-eabi/9.2.1/../../../../arm-none-eabi/lib/thumb/v7e-m/nofp\libg_nano.a(lib_a-makebuf.o)
                0x08001570                __smakebuf_r
 .text._free_r  0x080015f0       0x9c d:/embedded/gcc-arm-none-eabi-9-2019-q4-major-win32/bin/../lib/gcc/arm-none-eabi/9.2.1/../../../../arm-none-eabi/lib/thumb/v7e-m/nofp\libg_nano.a(lib_a-nano-freer.o)
                0x080015f0                _free_r
 .text._malloc_r
                0x0800168c       0xb4 d:/embedded/gcc-arm-none-eabi-9-2019-q4-major-win32/bin/../lib/gcc/arm-none-eabi/9.2.1/../../../../arm-none-eabi/lib/thumb/v7e-m/nofp\libg_nano.a(lib_a-nano-mallocr.o)
                0x0800168c                _malloc_r
 .text.__ssputs_r
                0x08001740       0xb6 d:/embedded/gcc-arm-none-eabi-9-2019-q4-major-win32/bin/../lib/gcc/arm-none-eabi/9.2.1/../../../../arm-none-eabi/lib/thumb/v7e-m/nofp\libg_nano.a(lib_a-nano-svfprintf.o)
                0x08001740                __ssputs_r
 *fill*         0x080017f6        0x2 
 .text._svfprintf_r
                0x080017f8      0x200 d:/embedded/gcc-arm-none-eabi-9-2019-q4-major-win32/bin/../lib/gcc/arm-none-eabi/9.2.1/../../../../arm-none-eabi/lib/thumb/v7e-m/nofp\libg_nano.a(lib_a-nano-svfprintf.o)
                0x080017f8                _svfiprintf_r
                0x080017f8                _svfprintf_r
 .text._printf_common
                0x080019f8       0xda d:/embedded/gcc-arm-none-eabi-9-2019-q4-major-win32/bin/../lib/gcc/arm-none-eabi/9.2.1/../../../../arm-none-eabi/lib/thumb/v7e-m/nofp\libg_nano.a(lib_a-nano-vfprintf_i.o)
                0x080019f8                _printf_common
 *fill*         0x08001ad2        0x2 
 .text._printf_i
                0x08001ad4      0x24c d:/embedded/gcc-arm-none-eabi-9-2019-q4-major-win32/bin/../lib/gcc/arm-none-eabi/9.2.1/../../../../arm-none-eabi/lib/thumb/v7e-m/nofp\libg_nano.a(lib_a-nano-vfprintf_i.o)
                0x08001ad4                _printf_i
 .text._sbrk_r  0x08001d20       0x20 d:/embedded/gcc-arm-none-eabi-9-2019-q4-major-win32/bin/../lib/gcc/arm-none-eabi/9.2.1/../../../../arm-none-eabi/lib/thumb/v7e-m/nofp\libg_nano.a(lib_a-sbrkr.o)
                0x08001d20                _sbrk_r
 .text.__sread  0x08001d40       0x22 d:/embedded/gcc-arm-none-eabi-9-2019-q4-major-win32/bin/../lib/gcc/arm-none-eabi/9.2.1/../../../../arm-none-eabi/lib/thumb/v7e-m/nofp\libg_nano.a(lib_a-stdio.o)
                0x08001d40                __sread
 .text.__swrite
                0x08001d62       0x38 d:/embedded/gcc-arm-none-eabi-9-2019-q4-major-win32/bin/../lib/gcc/arm-none-eabi/9.2.1/../../../../arm-none-eabi/lib/thumb/v7e-m/nofp\libg_nano.a(lib_a-stdio.o)
                0x08001d62                __swrite
 .text.__sseek  0x08001d9a       0x24 d:/embedded/gcc-arm-none-eabi-9-2019-q4-major-win32/bin/../lib/gcc/arm-none-eabi/9.2.1/../../../../arm-none-eabi/lib/thumb/v7e-m/nofp\libg_nano.a(lib_a-stdio.o)
                0x08001d9a                __sseek
 .text.__sclose
                0x08001dbe        0x8 d:/embedded/gcc-arm-none-eabi-9-2019-q4-major-win32/bin/../lib/gcc/arm-none-eabi/9.2.1/../../../../arm-none-eabi/lib/thumb/v7e-m/nofp\libg_nano.a(lib_a-stdio.o)
                0x08001dbe                __sclose
 *fill*         0x08001dc6        0x2 
 .text._write_r
                0x08001dc8       0x24 d:/embedded/gcc-arm-none-eabi-9-2019-q4-major-win32/bin/../lib/gcc/arm-none-eabi/9.2.1/../../../../arm-none-eabi/lib/thumb/v7e-m/nofp\libg_nano.a(lib_a-writer.o)
                0x08001dc8                _write_r
 .text._close_r
                0x08001dec       0x20 d:/embedded/gcc-arm-none-eabi-9-2019-q4-major-win32/bin/../lib/gcc/arm-none-eabi/9.2.1/../../../../arm-none-eabi/lib/thumb/v7e-m/nofp\libg_nano.a(lib_a-closer.o)
                0x08001dec                _close_r
 .text._fstat_r
                0x08001e0c       0x24 d:/embedded/gcc-arm-none-eabi-9-2019-q4-major-win32/bin/../lib/gcc/arm-none-eabi/9.2.1/../../../../arm-none-eabi/lib/thumb/v7e-m/nofp\libg_nano.a(lib_a-fstatr.o)
                0x08001e0c                _fstat_r
 .text._isatty_r
                0x08001e30       0x20 d:/embedded/gcc-arm-none-eabi-9-2019-q4-major-win32/bin/../lib/gcc/arm-none-eabi/9.2.1/../../../../arm-none-eabi/lib/thumb/v7e-m/nofp\libg_nano.a(lib_a-isattyr.o)
                0x08001e30                _isatty_r
 .text._lseek_r
                0x08001e50       0x24 d:/embedded/gcc-arm-none-eabi-9-2019-q4-major-win32/bin/../lib/gcc/arm-none-eabi/9.2.1/../../../../arm-none-eabi/lib/thumb/v7e-m/nofp\libg_nano.a(lib_a-lseekr.o)
                0x08001e50                _lseek_r
 .text.memcpy   0x08001e74       0x1c d:/embedded/gcc-arm-none-eabi-9-2019-q4-major-win32/bin/../lib/gcc/arm-none-eabi/9.2.1/../../../../arm-none-eabi/lib/thumb/v7e-m/nofp\libg_nano.a(lib_a-memcpy-stub.o)
                0x08001e74                memcpy
 .text.memmove  0x08001e90       0x34 d:/embedded/gcc-arm-none-eabi-9-2019-q4-major-win32/bin/../lib/gcc/arm-none-eabi/9.2.1/../../../../arm-none-eabi/lib/thumb/v7e-m/nofp\libg_nano.a(lib_a-memmove.o)
                0x08001e90                memmove
 .text.__malloc_lock
                0x08001ec4        0xc d:/embedded/gcc-arm-none-eabi-9-2019-q4-major-win32/bin/../lib/gcc/arm-none-eabi/9.2.1/../../../../arm-none-eabi/lib/thumb/v7e-m/nofp\libg_nano.a(lib_a-mlock.o)
                0x08001ec4                __malloc_lock
 .text.__malloc_unlock
                0x08001ed0        0xc d:/embedded/gcc-arm-none-eabi-9-2019-q4-major-win32/bin/../lib/gcc/arm-none-eabi/9.2.1/../../../../arm-none-eabi/lib/thumb/v7e-m/nofp\libg_nano.a(lib_a-mlock.o)
                0x08001ed0                __malloc_unlock
 .text._realloc_r
                0x08001edc       0x4c d:/embedded/gcc-arm-none-eabi-9-2019-q4-major-win32/bin/../lib/gcc/arm-none-eabi/9.2.1/../../../../arm-none-eabi/lib/thumb/v7e-m/nofp\libg_nano.a(lib_a-nano-reallocr.o)
                0x08001edc                _realloc_r
 .text._read_r  0x08001f28       0x24 d:/embedded/gcc-arm-none-eabi-9-2019-q4-major-win32/bin/../lib/gcc/arm-none-eabi/9.2.1/../../../../arm-none-eabi/lib/thumb/v7e-m/nofp\libg_nano.a(lib_a-readr.o)
                0x08001f28                _read_r
 .text._malloc_usable_size_r
                0x08001f4c       0x10 d:/embedded/gcc-arm-none-eabi-9-2019-q4-major-win32/bin/../lib/gcc/arm-none-eabi/9.2.1/../../../../arm-none-eabi/lib/thumb/v7e-m/nofp\libg_nano.a(lib_a-nano-msizer.o)
                0x08001f4c                _malloc_usable_size_r
 .text._close   0x08001f5c       0x10 d:/embedded/gcc-arm-none-eabi-9-2019-q4-major-win32/bin/../lib/gcc/arm-none-eabi/9.2.1/../../../../arm-none-eabi/lib/thumb/v7e-m/nofp\libnosys.a(close.o)
                0x08001f5c                _close
 .text._fstat   0x08001f6c       0x10 d:/embedded/gcc-arm-none-eabi-9-2019-q4-major-win32/bin/../lib/gcc/arm-none-eabi/9.2.1/../../../../arm-none-eabi/lib/thumb/v7e-m/nofp\libnosys.a(fstat.o)
                0x08001f6c                _fstat
 .text._isatty  0x08001f7c       0x10 d:/embedded/gcc-arm-none-eabi-9-2019-q4-major-win32/bin/../lib/gcc/arm-none-eabi/9.2.1/../../../../arm-none-eabi/lib/thumb/v7e-m/nofp\libnosys.a(isatty.o)
                0x08001f7c                _isatty
 .text._lseek   0x08001f8c       0x10 d:/embedded/gcc-arm-none-eabi-9-2019-q4-major-win32/bin/../lib/gcc/arm-none-eabi/9.2.1/../../../../arm-none-eabi/lib/thumb/v7e-m/nofp\libnosys.a(lseek.o)
                0x08001f8c                _lseek
 .text._read    0x08001f9c       0x10 d:/embedded/gcc-arm-none-eabi-9-2019-q4-major-win32/bin/../lib/gcc/arm-none-eabi/9.2.1/../../../../arm-none-eabi/lib/thumb/v7e-m/nofp\libnosys.a(read.o)
                0x08001f9c                _read
 .text._sbrk    0x08001fac       0x1c d:/embedded/gcc-arm-none-eabi-9-2019-q4-major-win32/bin/../lib/gcc/arm-none-eabi/9.2.1/../../../../arm-none-eabi/lib/thumb/v7e-m/nofp\libnosys.a(sbrk.o)
                0x08001fac                _sbrk
 .text._write   0x08001fc8       0x10 d:/embedded/gcc-arm-none-eabi-9-2019-q4-major-win32/bin/../lib/gcc/arm-none-eabi/9.2.1/../../../../arm-none-eabi/lib/thumb/v7e-m/nofp\libnosys.a(write.o)
                0x08001fc8                _write
 *(.glue_7)
 .glue_7        0x08001fd8        0x0 linker stubs
 *(.glue_7t)
 .glue_7t       0x08001fd8        0x0 linker stubs
 *(.eh_frame)
 .eh_frame      0x08001fd8        0x0 d:/embedded/gcc-arm-none-eabi-9-2019-q4-major-win32/bin/../lib/gcc/arm-none-eabi/9.2.1/thumb/v7e-m/nofp/crtbegin.o
 *(.init)
 .init          0x08001fd8        0x4 d:/embedded/gcc-arm-none-eabi-9-2019-q4-major-win32/bin/../lib/gcc/arm-none-eabi/9.2.1/thumb/v7e-m/nofp/crti.o
                0x08001fd8                _init
 .init          0x08001fdc        0x8 d:/embedded/gcc-arm-none-eabi-9-2019-q4-major-win32/bin/../lib/gcc/arm-none-eabi/9.2.1/thumb/v7e-m/nofp/crtn.o
 *(.fini)
 .fini          0x08001fe4        0x4 d:/embedded/gcc-arm-none-eabi-9-2019-q4-major-win32/bin/../lib/gcc/arm-none-eabi/9.2.1/thumb/v7e-m/nofp/crti.o
                0x08001fe4                _fini
 .fini          0x08001fe8        0x8 d:/embedded/gcc-arm-none-eabi-9-2019-q4-major-win32/bin/../lib/gcc/arm-none-eabi/9.2.1/thumb/v7e-m/nofp/crtn.o
                0x08001ff0                . = ALIGN (0x4)
                0x08001ff0                _etext = .

.vfp11_veneer   0x08001ff0        0x0
 .vfp11_veneer  0x08001ff0        0x0 linker stubs

.v4_bx          0x08001ff0        0x0
 .v4_bx         0x08001ff0        0x0 linker stubs

.iplt           0x08001ff0        0x0
 .iplt          0x08001ff0        0x0 d:/embedded/gcc-arm-none-eabi-9-2019-q4-major-win32/bin/../lib/gcc/arm-none-eabi/9.2.1/thumb/v7e-m/nofp/crtbegin.o

.rodata         0x08001ff0       0xb4
                0x08001ff0                . = ALIGN (0x4)
 *(.rodata)
 .rodata        0x08001ff0       0x1b CMakeFiles/F407_Template.elf.dir/01_App/main.c.obj
 *(.rodata*)
 *fill*         0x0800200b        0x1 
 .rodata._global_impure_ptr
                0x0800200c        0x4 d:/embedded/gcc-arm-none-eabi-9-2019-q4-major-win32/bin/../lib/gcc/arm-none-eabi/9.2.1/../../../../arm-none-eabi/lib/thumb/v7e-m/nofp\libg_nano.a(lib_a-impure.o)
                0x0800200c                _global_impure_ptr
 .rodata.__sf_fake_stderr
                0x08002010       0x20 d:/embedded/gcc-arm-none-eabi-9-2019-q4-major-win32/bin/../lib/gcc/arm-none-eabi/9.2.1/../../../../arm-none-eabi/lib/thumb/v7e-m/nofp\libg_nano.a(lib_a-findfp.o)
                0x08002010                __sf_fake_stderr
 .rodata.__sf_fake_stdin
                0x08002030       0x20 d:/embedded/gcc-arm-none-eabi-9-2019-q4-major-win32/bin/../lib/gcc/arm-none-eabi/9.2.1/../../../../arm-none-eabi/lib/thumb/v7e-m/nofp\libg_nano.a(lib_a-findfp.o)
                0x08002030                __sf_fake_stdin
 .rodata.__sf_fake_stdout
                0x08002050       0x20 d:/embedded/gcc-arm-none-eabi-9-2019-q4-major-win32/bin/../lib/gcc/arm-none-eabi/9.2.1/../../../../arm-none-eabi/lib/thumb/v7e-m/nofp\libg_nano.a(lib_a-findfp.o)
                0x08002050                __sf_fake_stdout
 .rodata._svfprintf_r.str1.1
                0x08002070       0x11 d:/embedded/gcc-arm-none-eabi-9-2019-q4-major-win32/bin/../lib/gcc/arm-none-eabi/9.2.1/../../../../arm-none-eabi/lib/thumb/v7e-m/nofp\libg_nano.a(lib_a-nano-svfprintf.o)
 .rodata._printf_i.str1.1
                0x08002081       0x22 d:/embedded/gcc-arm-none-eabi-9-2019-q4-major-win32/bin/../lib/gcc/arm-none-eabi/9.2.1/../../../../arm-none-eabi/lib/thumb/v7e-m/nofp\libg_nano.a(lib_a-nano-vfprintf_i.o)
                0x080020a4                . = ALIGN (0x4)
 *fill*         0x080020a3        0x1 

.rel.dyn        0x080020a4        0x0
 .rel.iplt      0x080020a4        0x0 d:/embedded/gcc-arm-none-eabi-9-2019-q4-major-win32/bin/../lib/gcc/arm-none-eabi/9.2.1/thumb/v7e-m/nofp/crtbegin.o

.ARM.extab
 *(.ARM.extab* .gnu.linkonce.armextab.*)

.ARM            0x080020a4        0x0
                0x080020a4                __exidx_start = .
 *(.ARM.exidx*)
                0x080020a4                __exidx_end = .

.preinit_array  0x080020a4        0x0
                0x080020a4                PROVIDE (__preinit_array_start = .)
 *(.preinit_array*)
                0x080020a4                PROVIDE (__preinit_array_end = .)

.init_array     0x080020a4        0x4
                0x080020a4                PROVIDE (__init_array_start = .)
 *(SORT_BY_NAME(.init_array.*))
 *(.init_array*)
 .init_array    0x080020a4        0x4 d:/embedded/gcc-arm-none-eabi-9-2019-q4-major-win32/bin/../lib/gcc/arm-none-eabi/9.2.1/thumb/v7e-m/nofp/crtbegin.o
                0x080020a8                PROVIDE (__init_array_end = .)

.fini_array     0x080020a8        0x4
                [!provide]                PROVIDE (__fini_array_start = .)
 *(SORT_BY_NAME(.fini_array.*))
 *(.fini_array*)
 .fini_array    0x080020a8        0x4 d:/embedded/gcc-arm-none-eabi-9-2019-q4-major-win32/bin/../lib/gcc/arm-none-eabi/9.2.1/thumb/v7e-m/nofp/crtbegin.o
                [!provide]                PROVIDE (__fini_array_end = .)
                0x080020ac                _sidata = LOADADDR (.data)

.data           0x20000000       0x78 load address 0x080020ac
                0x20000000                . = ALIGN (0x4)
                0x20000000                _sdata = .
 *(.data)
 *(.data*)
 .data.SystemCoreClock
                0x20000000        0x4 CMakeFiles/F407_Template.elf.dir/06_Core/Source/system_stm32f4xx.c.obj
                0x20000000                SystemCoreClock
 .data.APBAHBPrescTable
                0x20000004       0x10 CMakeFiles/F407_Template.elf.dir/07_Libraries/Source/stm32f4xx_rcc.c.obj
 .data._impure_ptr
                0x20000014        0x4 d:/embedded/gcc-arm-none-eabi-9-2019-q4-major-win32/bin/../lib/gcc/arm-none-eabi/9.2.1/../../../../arm-none-eabi/lib/thumb/v7e-m/nofp\libg_nano.a(lib_a-impure.o)
                0x20000014                _impure_ptr
 .data.impure_data
                0x20000018       0x60 d:/embedded/gcc-arm-none-eabi-9-2019-q4-major-win32/bin/../lib/gcc/arm-none-eabi/9.2.1/../../../../arm-none-eabi/lib/thumb/v7e-m/nofp\libg_nano.a(lib_a-impure.o)
                0x20000078                . = ALIGN (0x4)
                0x20000078                _edata = .
                0x08002124                _siccmram = LOADADDR (.ccmram)

.igot.plt       0x20000078        0x0 load address 0x08002124
 .igot.plt      0x20000078        0x0 d:/embedded/gcc-arm-none-eabi-9-2019-q4-major-win32/bin/../lib/gcc/arm-none-eabi/9.2.1/thumb/v7e-m/nofp/crtbegin.o

.ccmram         0x10000000        0x0 load address 0x08002124
                0x10000000                . = ALIGN (0x4)
                0x10000000                _sccmram = .
 *(.ccmram)
 *(.ccmram*)
                0x10000000                . = ALIGN (0x4)
                0x10000000                _eccmram = .
                0x10000000                . = ALIGN (0x4)

.bss            0x20000078       0x3c
                0x20000078                _sbss = .
                0x20000078                __bss_start__ = _sbss
 *(.bss)
 .bss           0x20000078       0x1c d:/embedded/gcc-arm-none-eabi-9-2019-q4-major-win32/bin/../lib/gcc/arm-none-eabi/9.2.1/thumb/v7e-m/nofp/crtbegin.o
 *(.bss*)
 .bss.TimingDelay
                0x20000094        0x4 CMakeFiles/F407_Template.elf.dir/05_SystemDrivers/Source/bsp_systick.c.obj
 .bss.__malloc_free_list
                0x20000098        0x4 d:/embedded/gcc-arm-none-eabi-9-2019-q4-major-win32/bin/../lib/gcc/arm-none-eabi/9.2.1/../../../../arm-none-eabi/lib/thumb/v7e-m/nofp\libg_nano.a(lib_a-nano-mallocr.o)
                0x20000098                __malloc_free_list
 .bss.__malloc_sbrk_start
                0x2000009c        0x4 d:/embedded/gcc-arm-none-eabi-9-2019-q4-major-win32/bin/../lib/gcc/arm-none-eabi/9.2.1/../../../../arm-none-eabi/lib/thumb/v7e-m/nofp\libg_nano.a(lib_a-nano-mallocr.o)
                0x2000009c                __malloc_sbrk_start
 .bss.heap_end.4144
                0x200000a0        0x4 d:/embedded/gcc-arm-none-eabi-9-2019-q4-major-win32/bin/../lib/gcc/arm-none-eabi/9.2.1/../../../../arm-none-eabi/lib/thumb/v7e-m/nofp\libnosys.a(sbrk.o)
 *(COMMON)
 COMMON         0x200000a4        0x9 d:/embedded/gcc-arm-none-eabi-9-2019-q4-major-win32/bin/../lib/gcc/arm-none-eabi/9.2.1/../../../../arm-none-eabi/lib/thumb/v7e-m/nofp\libg_nano.a(lib_a-lock.o)
                0x200000a4                __lock___atexit_recursive_mutex
                0x200000a5                __lock___arc4random_mutex
                0x200000a6                __lock___env_recursive_mutex
                0x200000a7                __lock___sinit_recursive_mutex
                0x200000a8                __lock___malloc_recursive_mutex
                0x200000a9                __lock___at_quick_exit_mutex
                0x200000aa                __lock___dd_hash_mutex
                0x200000ab                __lock___tz_mutex
                0x200000ac                __lock___sfp_recursive_mutex
 *fill*         0x200000ad        0x3 
 COMMON         0x200000b0        0x4 d:/embedded/gcc-arm-none-eabi-9-2019-q4-major-win32/bin/../lib/gcc/arm-none-eabi/9.2.1/../../../../arm-none-eabi/lib/thumb/v7e-m/nofp\libg_nano.a(lib_a-reent.o)
                0x200000b0                errno
                0x200000b4                . = ALIGN (0x4)
                0x200000b4                _ebss = .
                0x200000b4                __bss_end__ = _ebss

._user_heap_stack
                0x200000b4      0xc04
                0x200000b8                . = ALIGN (0x8)
 *fill*         0x200000b4        0x4 
                0x200000b8                PROVIDE (end = .)
                [!provide]                PROVIDE (_end = .)
                0x200008b8                . = (. + _Min_Heap_Size)
 *fill*         0x200000b8      0x800 
                0x20000cb8                . = (. + _Min_Stack_Size)
 *fill*         0x200008b8      0x400 
                0x20000cb8                . = ALIGN (0x8)

/DISCARD/
 libc.a(*)
 libm.a(*)
 libgcc.a(*)

.ARM.attributes
                0x00000000       0x2a
 *(.ARM.attributes)
 .ARM.attributes
                0x00000000       0x1e d:/embedded/gcc-arm-none-eabi-9-2019-q4-major-win32/bin/../lib/gcc/arm-none-eabi/9.2.1/thumb/v7e-m/nofp/crti.o
 .ARM.attributes
                0x0000001e       0x2e d:/embedded/gcc-arm-none-eabi-9-2019-q4-major-win32/bin/../lib/gcc/arm-none-eabi/9.2.1/thumb/v7e-m/nofp/crtbegin.o
 .ARM.attributes
                0x0000004c       0x2e CMakeFiles/F407_Template.elf.dir/01_App/main.c.obj
 .ARM.attributes
                0x0000007a       0x2e CMakeFiles/F407_Template.elf.dir/04_ModuleDrivers/Source/bsp_gpio_led.c.obj
 .ARM.attributes
                0x000000a8       0x2e CMakeFiles/F407_Template.elf.dir/04_ModuleDrivers/Source/bsp_usart_debug.c.obj
 .ARM.attributes
                0x000000d6       0x2e CMakeFiles/F407_Template.elf.dir/05_SystemDrivers/Source/bsp_systick.c.obj
 .ARM.attributes
                0x00000104       0x2e CMakeFiles/F407_Template.elf.dir/06_Core/Source/stm32f4xx_it.c.obj
 .ARM.attributes
                0x00000132       0x2e CMakeFiles/F407_Template.elf.dir/06_Core/Source/system_stm32f4xx.c.obj
 .ARM.attributes
                0x00000160       0x2e CMakeFiles/F407_Template.elf.dir/07_Libraries/Source/misc.c.obj
 .ARM.attributes
                0x0000018e       0x2e CMakeFiles/F407_Template.elf.dir/07_Libraries/Source/stm32f4xx_gpio.c.obj
 .ARM.attributes
                0x000001bc       0x2e CMakeFiles/F407_Template.elf.dir/07_Libraries/Source/stm32f4xx_rcc.c.obj
 .ARM.attributes
                0x000001ea       0x2e CMakeFiles/F407_Template.elf.dir/07_Libraries/Source/stm32f4xx_usart.c.obj
 .ARM.attributes
                0x00000218       0x21 CMakeFiles/F407_Template.elf.dir/Startup/startup_stm32f40_41xxx.s.obj
 .ARM.attributes
                0x00000239       0x2e d:/embedded/gcc-arm-none-eabi-9-2019-q4-major-win32/bin/../lib/gcc/arm-none-eabi/9.2.1/../../../../arm-none-eabi/lib/thumb/v7e-m/nofp\libg_nano.a(lib_a-impure.o)
 .ARM.attributes
                0x00000267       0x2e d:/embedded/gcc-arm-none-eabi-9-2019-q4-major-win32/bin/../lib/gcc/arm-none-eabi/9.2.1/../../../../arm-none-eabi/lib/thumb/v7e-m/nofp\libg_nano.a(lib_a-init.o)
 .ARM.attributes
                0x00000295       0x2e d:/embedded/gcc-arm-none-eabi-9-2019-q4-major-win32/bin/../lib/gcc/arm-none-eabi/9.2.1/../../../../arm-none-eabi/lib/thumb/v7e-m/nofp\libg_nano.a(lib_a-memset.o)
 .ARM.attributes
                0x000002c3       0x2e d:/embedded/gcc-arm-none-eabi-9-2019-q4-major-win32/bin/../lib/gcc/arm-none-eabi/9.2.1/../../../../arm-none-eabi/lib/thumb/v7e-m/nofp\libg_nano.a(lib_a-puts.o)
 .ARM.attributes
                0x000002f1       0x2e d:/embedded/gcc-arm-none-eabi-9-2019-q4-major-win32/bin/../lib/gcc/arm-none-eabi/9.2.1/../../../../arm-none-eabi/lib/thumb/v7e-m/nofp\libg_nano.a(lib_a-sprintf.o)
 .ARM.attributes
                0x0000031f       0x2e d:/embedded/gcc-arm-none-eabi-9-2019-q4-major-win32/bin/../lib/gcc/arm-none-eabi/9.2.1/../../../../arm-none-eabi/lib/thumb/v7e-m/nofp\libg_nano.a(lib_a-wbuf.o)
 .ARM.attributes
                0x0000034d       0x2e d:/embedded/gcc-arm-none-eabi-9-2019-q4-major-win32/bin/../lib/gcc/arm-none-eabi/9.2.1/../../../../arm-none-eabi/lib/thumb/v7e-m/nofp\libg_nano.a(lib_a-wsetup.o)
 .ARM.attributes
                0x0000037b       0x2e d:/embedded/gcc-arm-none-eabi-9-2019-q4-major-win32/bin/../lib/gcc/arm-none-eabi/9.2.1/../../../../arm-none-eabi/lib/thumb/v7e-m/nofp\libg_nano.a(lib_a-fflush.o)
 .ARM.attributes
                0x000003a9       0x2e d:/embedded/gcc-arm-none-eabi-9-2019-q4-major-win32/bin/../lib/gcc/arm-none-eabi/9.2.1/../../../../arm-none-eabi/lib/thumb/v7e-m/nofp\libg_nano.a(lib_a-findfp.o)
 .ARM.attributes
                0x000003d7       0x2e d:/embedded/gcc-arm-none-eabi-9-2019-q4-major-win32/bin/../lib/gcc/arm-none-eabi/9.2.1/../../../../arm-none-eabi/lib/thumb/v7e-m/nofp\libg_nano.a(lib_a-fwalk.o)
 .ARM.attributes
                0x00000405       0x2e d:/embedded/gcc-arm-none-eabi-9-2019-q4-major-win32/bin/../lib/gcc/arm-none-eabi/9.2.1/../../../../arm-none-eabi/lib/thumb/v7e-m/nofp\libg_nano.a(lib_a-lock.o)
 .ARM.attributes
                0x00000433       0x2e d:/embedded/gcc-arm-none-eabi-9-2019-q4-major-win32/bin/../lib/gcc/arm-none-eabi/9.2.1/../../../../arm-none-eabi/lib/thumb/v7e-m/nofp\libg_nano.a(lib_a-makebuf.o)
 .ARM.attributes
                0x00000461       0x2e d:/embedded/gcc-arm-none-eabi-9-2019-q4-major-win32/bin/../lib/gcc/arm-none-eabi/9.2.1/../../../../arm-none-eabi/lib/thumb/v7e-m/nofp\libg_nano.a(lib_a-nano-freer.o)
 .ARM.attributes
                0x0000048f       0x2e d:/embedded/gcc-arm-none-eabi-9-2019-q4-major-win32/bin/../lib/gcc/arm-none-eabi/9.2.1/../../../../arm-none-eabi/lib/thumb/v7e-m/nofp\libg_nano.a(lib_a-nano-mallocr.o)
 .ARM.attributes
                0x000004bd       0x2e d:/embedded/gcc-arm-none-eabi-9-2019-q4-major-win32/bin/../lib/gcc/arm-none-eabi/9.2.1/../../../../arm-none-eabi/lib/thumb/v7e-m/nofp\libg_nano.a(lib_a-nano-svfprintf.o)
 .ARM.attributes
                0x000004eb       0x2e d:/embedded/gcc-arm-none-eabi-9-2019-q4-major-win32/bin/../lib/gcc/arm-none-eabi/9.2.1/../../../../arm-none-eabi/lib/thumb/v7e-m/nofp\libg_nano.a(lib_a-nano-vfprintf_i.o)
 .ARM.attributes
                0x00000519       0x2e d:/embedded/gcc-arm-none-eabi-9-2019-q4-major-win32/bin/../lib/gcc/arm-none-eabi/9.2.1/../../../../arm-none-eabi/lib/thumb/v7e-m/nofp\libg_nano.a(lib_a-sbrkr.o)
 .ARM.attributes
                0x00000547       0x2e d:/embedded/gcc-arm-none-eabi-9-2019-q4-major-win32/bin/../lib/gcc/arm-none-eabi/9.2.1/../../../../arm-none-eabi/lib/thumb/v7e-m/nofp\libg_nano.a(lib_a-stdio.o)
 .ARM.attributes
                0x00000575       0x2e d:/embedded/gcc-arm-none-eabi-9-2019-q4-major-win32/bin/../lib/gcc/arm-none-eabi/9.2.1/../../../../arm-none-eabi/lib/thumb/v7e-m/nofp\libg_nano.a(lib_a-writer.o)
 .ARM.attributes
                0x000005a3       0x2e d:/embedded/gcc-arm-none-eabi-9-2019-q4-major-win32/bin/../lib/gcc/arm-none-eabi/9.2.1/../../../../arm-none-eabi/lib/thumb/v7e-m/nofp\libg_nano.a(lib_a-closer.o)
 .ARM.attributes
                0x000005d1       0x2e d:/embedded/gcc-arm-none-eabi-9-2019-q4-major-win32/bin/../lib/gcc/arm-none-eabi/9.2.1/../../../../arm-none-eabi/lib/thumb/v7e-m/nofp\libg_nano.a(lib_a-fstatr.o)
 .ARM.attributes
                0x000005ff       0x2e d:/embedded/gcc-arm-none-eabi-9-2019-q4-major-win32/bin/../lib/gcc/arm-none-eabi/9.2.1/../../../../arm-none-eabi/lib/thumb/v7e-m/nofp\libg_nano.a(lib_a-isattyr.o)
 .ARM.attributes
                0x0000062d       0x2e d:/embedded/gcc-arm-none-eabi-9-2019-q4-major-win32/bin/../lib/gcc/arm-none-eabi/9.2.1/../../../../arm-none-eabi/lib/thumb/v7e-m/nofp\libg_nano.a(lib_a-lseekr.o)
 .ARM.attributes
                0x0000065b       0x1c d:/embedded/gcc-arm-none-eabi-9-2019-q4-major-win32/bin/../lib/gcc/arm-none-eabi/9.2.1/../../../../arm-none-eabi/lib/thumb/v7e-m/nofp\libg_nano.a(lib_a-memchr.o)
 .ARM.attributes
                0x00000677       0x2e d:/embedded/gcc-arm-none-eabi-9-2019-q4-major-win32/bin/../lib/gcc/arm-none-eabi/9.2.1/../../../../arm-none-eabi/lib/thumb/v7e-m/nofp\libg_nano.a(lib_a-memcpy-stub.o)
 .ARM.attributes
                0x000006a5       0x2e d:/embedded/gcc-arm-none-eabi-9-2019-q4-major-win32/bin/../lib/gcc/arm-none-eabi/9.2.1/../../../../arm-none-eabi/lib/thumb/v7e-m/nofp\libg_nano.a(lib_a-memmove.o)
 .ARM.attributes
                0x000006d3       0x2e d:/embedded/gcc-arm-none-eabi-9-2019-q4-major-win32/bin/../lib/gcc/arm-none-eabi/9.2.1/../../../../arm-none-eabi/lib/thumb/v7e-m/nofp\libg_nano.a(lib_a-mlock.o)
 .ARM.attributes
                0x00000701       0x2e d:/embedded/gcc-arm-none-eabi-9-2019-q4-major-win32/bin/../lib/gcc/arm-none-eabi/9.2.1/../../../../arm-none-eabi/lib/thumb/v7e-m/nofp\libg_nano.a(lib_a-nano-reallocr.o)
 .ARM.attributes
                0x0000072f       0x2e d:/embedded/gcc-arm-none-eabi-9-2019-q4-major-win32/bin/../lib/gcc/arm-none-eabi/9.2.1/../../../../arm-none-eabi/lib/thumb/v7e-m/nofp\libg_nano.a(lib_a-readr.o)
 .ARM.attributes
                0x0000075d       0x2e d:/embedded/gcc-arm-none-eabi-9-2019-q4-major-win32/bin/../lib/gcc/arm-none-eabi/9.2.1/../../../../arm-none-eabi/lib/thumb/v7e-m/nofp\libg_nano.a(lib_a-reent.o)
 .ARM.attributes
                0x0000078b       0x2e d:/embedded/gcc-arm-none-eabi-9-2019-q4-major-win32/bin/../lib/gcc/arm-none-eabi/9.2.1/../../../../arm-none-eabi/lib/thumb/v7e-m/nofp\libg_nano.a(lib_a-nano-msizer.o)
 .ARM.attributes
                0x000007b9       0x2e d:/embedded/gcc-arm-none-eabi-9-2019-q4-major-win32/bin/../lib/gcc/arm-none-eabi/9.2.1/../../../../arm-none-eabi/lib/thumb/v7e-m/nofp\libnosys.a(close.o)
 .ARM.attributes
                0x000007e7       0x2e d:/embedded/gcc-arm-none-eabi-9-2019-q4-major-win32/bin/../lib/gcc/arm-none-eabi/9.2.1/../../../../arm-none-eabi/lib/thumb/v7e-m/nofp\libnosys.a(fstat.o)
 .ARM.attributes
                0x00000815       0x2e d:/embedded/gcc-arm-none-eabi-9-2019-q4-major-win32/bin/../lib/gcc/arm-none-eabi/9.2.1/../../../../arm-none-eabi/lib/thumb/v7e-m/nofp\libnosys.a(isatty.o)
 .ARM.attributes
                0x00000843       0x2e d:/embedded/gcc-arm-none-eabi-9-2019-q4-major-win32/bin/../lib/gcc/arm-none-eabi/9.2.1/../../../../arm-none-eabi/lib/thumb/v7e-m/nofp\libnosys.a(lseek.o)
 .ARM.attributes
                0x00000871       0x2e d:/embedded/gcc-arm-none-eabi-9-2019-q4-major-win32/bin/../lib/gcc/arm-none-eabi/9.2.1/../../../../arm-none-eabi/lib/thumb/v7e-m/nofp\libnosys.a(read.o)
 .ARM.attributes
                0x0000089f       0x2e d:/embedded/gcc-arm-none-eabi-9-2019-q4-major-win32/bin/../lib/gcc/arm-none-eabi/9.2.1/../../../../arm-none-eabi/lib/thumb/v7e-m/nofp\libnosys.a(sbrk.o)
 .ARM.attributes
                0x000008cd       0x2e d:/embedded/gcc-arm-none-eabi-9-2019-q4-major-win32/bin/../lib/gcc/arm-none-eabi/9.2.1/../../../../arm-none-eabi/lib/thumb/v7e-m/nofp\libnosys.a(write.o)
 .ARM.attributes
                0x000008fb       0x1e d:/embedded/gcc-arm-none-eabi-9-2019-q4-major-win32/bin/../lib/gcc/arm-none-eabi/9.2.1/thumb/v7e-m/nofp/crtn.o
OUTPUT(F407_Template.elf elf32-littlearm)

.debug_info     0x00000000     0x5c61
 .debug_info    0x00000000      0x9f6 CMakeFiles/F407_Template.elf.dir/01_App/main.c.obj
 .debug_info    0x000009f6      0x2e4 CMakeFiles/F407_Template.elf.dir/04_ModuleDrivers/Source/bsp_gpio_led.c.obj
 .debug_info    0x00000cda     0x10f1 CMakeFiles/F407_Template.elf.dir/04_ModuleDrivers/Source/bsp_usart_debug.c.obj
 .debug_info    0x00001dcb      0x744 CMakeFiles/F407_Template.elf.dir/05_SystemDrivers/Source/bsp_systick.c.obj
 .debug_info    0x0000250f      0xb4f CMakeFiles/F407_Template.elf.dir/06_Core/Source/stm32f4xx_it.c.obj
 .debug_info    0x0000305e      0x64c CMakeFiles/F407_Template.elf.dir/06_Core/Source/system_stm32f4xx.c.obj
 .debug_info    0x000036aa      0x592 CMakeFiles/F407_Template.elf.dir/07_Libraries/Source/misc.c.obj
 .debug_info    0x00003c3c      0x67f CMakeFiles/F407_Template.elf.dir/07_Libraries/Source/stm32f4xx_gpio.c.obj
 .debug_info    0x000042bb      0xf1c CMakeFiles/F407_Template.elf.dir/07_Libraries/Source/stm32f4xx_rcc.c.obj
 .debug_info    0x000051d7      0xa68 CMakeFiles/F407_Template.elf.dir/07_Libraries/Source/stm32f4xx_usart.c.obj
 .debug_info    0x00005c3f       0x22 CMakeFiles/F407_Template.elf.dir/Startup/startup_stm32f40_41xxx.s.obj

.debug_abbrev   0x00000000     0x1224
 .debug_abbrev  0x00000000      0x1bd CMakeFiles/F407_Template.elf.dir/01_App/main.c.obj
 .debug_abbrev  0x000001bd      0x132 CMakeFiles/F407_Template.elf.dir/04_ModuleDrivers/Source/bsp_gpio_led.c.obj
 .debug_abbrev  0x000002ef      0x279 CMakeFiles/F407_Template.elf.dir/04_ModuleDrivers/Source/bsp_usart_debug.c.obj
 .debug_abbrev  0x00000568      0x202 CMakeFiles/F407_Template.elf.dir/05_SystemDrivers/Source/bsp_systick.c.obj
 .debug_abbrev  0x0000076a      0x213 CMakeFiles/F407_Template.elf.dir/06_Core/Source/stm32f4xx_it.c.obj
 .debug_abbrev  0x0000097d      0x178 CMakeFiles/F407_Template.elf.dir/06_Core/Source/system_stm32f4xx.c.obj
 .debug_abbrev  0x00000af5      0x196 CMakeFiles/F407_Template.elf.dir/07_Libraries/Source/misc.c.obj
 .debug_abbrev  0x00000c8b      0x1e6 CMakeFiles/F407_Template.elf.dir/07_Libraries/Source/stm32f4xx_gpio.c.obj
 .debug_abbrev  0x00000e71      0x1f9 CMakeFiles/F407_Template.elf.dir/07_Libraries/Source/stm32f4xx_rcc.c.obj
 .debug_abbrev  0x0000106a      0x1a8 CMakeFiles/F407_Template.elf.dir/07_Libraries/Source/stm32f4xx_usart.c.obj
 .debug_abbrev  0x00001212       0x12 CMakeFiles/F407_Template.elf.dir/Startup/startup_stm32f40_41xxx.s.obj

.debug_aranges  0x00000000      0x520
 .debug_aranges
                0x00000000       0x20 CMakeFiles/F407_Template.elf.dir/01_App/main.c.obj
 .debug_aranges
                0x00000020       0x20 CMakeFiles/F407_Template.elf.dir/04_ModuleDrivers/Source/bsp_gpio_led.c.obj
 .debug_aranges
                0x00000040       0x50 CMakeFiles/F407_Template.elf.dir/04_ModuleDrivers/Source/bsp_usart_debug.c.obj
 .debug_aranges
                0x00000090       0x48 CMakeFiles/F407_Template.elf.dir/05_SystemDrivers/Source/bsp_systick.c.obj
 .debug_aranges
                0x000000d8       0x68 CMakeFiles/F407_Template.elf.dir/06_Core/Source/stm32f4xx_it.c.obj
 .debug_aranges
                0x00000140       0x30 CMakeFiles/F407_Template.elf.dir/06_Core/Source/system_stm32f4xx.c.obj
 .debug_aranges
                0x00000170       0x40 CMakeFiles/F407_Template.elf.dir/07_Libraries/Source/misc.c.obj
 .debug_aranges
                0x000001b0       0x88 CMakeFiles/F407_Template.elf.dir/07_Libraries/Source/stm32f4xx_gpio.c.obj
 .debug_aranges
                0x00000238      0x1c0 CMakeFiles/F407_Template.elf.dir/07_Libraries/Source/stm32f4xx_rcc.c.obj
 .debug_aranges
                0x000003f8      0x100 CMakeFiles/F407_Template.elf.dir/07_Libraries/Source/stm32f4xx_usart.c.obj
 .debug_aranges
                0x000004f8       0x28 CMakeFiles/F407_Template.elf.dir/Startup/startup_stm32f40_41xxx.s.obj

.debug_ranges   0x00000000      0x478
 .debug_ranges  0x00000000       0x10 CMakeFiles/F407_Template.elf.dir/01_App/main.c.obj
 .debug_ranges  0x00000010       0x10 CMakeFiles/F407_Template.elf.dir/04_ModuleDrivers/Source/bsp_gpio_led.c.obj
 .debug_ranges  0x00000020       0x40 CMakeFiles/F407_Template.elf.dir/04_ModuleDrivers/Source/bsp_usart_debug.c.obj
 .debug_ranges  0x00000060       0x38 CMakeFiles/F407_Template.elf.dir/05_SystemDrivers/Source/bsp_systick.c.obj
 .debug_ranges  0x00000098       0x58 CMakeFiles/F407_Template.elf.dir/06_Core/Source/stm32f4xx_it.c.obj
 .debug_ranges  0x000000f0       0x20 CMakeFiles/F407_Template.elf.dir/06_Core/Source/system_stm32f4xx.c.obj
 .debug_ranges  0x00000110       0x30 CMakeFiles/F407_Template.elf.dir/07_Libraries/Source/misc.c.obj
 .debug_ranges  0x00000140       0x78 CMakeFiles/F407_Template.elf.dir/07_Libraries/Source/stm32f4xx_gpio.c.obj
 .debug_ranges  0x000001b8      0x1b0 CMakeFiles/F407_Template.elf.dir/07_Libraries/Source/stm32f4xx_rcc.c.obj
 .debug_ranges  0x00000368       0xf0 CMakeFiles/F407_Template.elf.dir/07_Libraries/Source/stm32f4xx_usart.c.obj
 .debug_ranges  0x00000458       0x20 CMakeFiles/F407_Template.elf.dir/Startup/startup_stm32f40_41xxx.s.obj

.debug_line     0x00000000     0x3029
 .debug_line    0x00000000      0x2e1 CMakeFiles/F407_Template.elf.dir/01_App/main.c.obj
 .debug_line    0x000002e1      0x280 CMakeFiles/F407_Template.elf.dir/04_ModuleDrivers/Source/bsp_gpio_led.c.obj
 .debug_line    0x00000561      0x4d9 CMakeFiles/F407_Template.elf.dir/04_ModuleDrivers/Source/bsp_usart_debug.c.obj
 .debug_line    0x00000a3a      0x2de CMakeFiles/F407_Template.elf.dir/05_SystemDrivers/Source/bsp_systick.c.obj
 .debug_line    0x00000d18      0x34a CMakeFiles/F407_Template.elf.dir/06_Core/Source/stm32f4xx_it.c.obj
 .debug_line    0x00001062      0x362 CMakeFiles/F407_Template.elf.dir/06_Core/Source/system_stm32f4xx.c.obj
 .debug_line    0x000013c4      0x350 CMakeFiles/F407_Template.elf.dir/07_Libraries/Source/misc.c.obj
 .debug_line    0x00001714      0x571 CMakeFiles/F407_Template.elf.dir/07_Libraries/Source/stm32f4xx_gpio.c.obj
 .debug_line    0x00001c85      0xb23 CMakeFiles/F407_Template.elf.dir/07_Libraries/Source/stm32f4xx_rcc.c.obj
 .debug_line    0x000027a8      0x7b1 CMakeFiles/F407_Template.elf.dir/07_Libraries/Source/stm32f4xx_usart.c.obj
 .debug_line    0x00002f59       0xd0 CMakeFiles/F407_Template.elf.dir/Startup/startup_stm32f40_41xxx.s.obj

.debug_str      0x00000000     0x225a
 .debug_str     0x00000000      0x64f CMakeFiles/F407_Template.elf.dir/01_App/main.c.obj
                                0x6e2 (size before relaxing)
 .debug_str     0x0000064f      0x236 CMakeFiles/F407_Template.elf.dir/04_ModuleDrivers/Source/bsp_gpio_led.c.obj
                                0x447 (size before relaxing)
 .debug_str     0x00000885      0x77c CMakeFiles/F407_Template.elf.dir/04_ModuleDrivers/Source/bsp_usart_debug.c.obj
                                0xf72 (size before relaxing)
 .debug_str     0x00001001      0x18f CMakeFiles/F407_Template.elf.dir/05_SystemDrivers/Source/bsp_systick.c.obj
                                0x8e6 (size before relaxing)
 .debug_str     0x00001190      0x113 CMakeFiles/F407_Template.elf.dir/06_Core/Source/stm32f4xx_it.c.obj
                                0x7be (size before relaxing)
 .debug_str     0x000012a3      0x1c2 CMakeFiles/F407_Template.elf.dir/06_Core/Source/system_stm32f4xx.c.obj
                                0x4a8 (size before relaxing)
 .debug_str     0x00001465      0x143 CMakeFiles/F407_Template.elf.dir/07_Libraries/Source/misc.c.obj
                                0x4c1 (size before relaxing)
 .debug_str     0x000015a8      0x1d4 CMakeFiles/F407_Template.elf.dir/07_Libraries/Source/stm32f4xx_gpio.c.obj
                                0x593 (size before relaxing)
 .debug_str     0x0000177c      0x692 CMakeFiles/F407_Template.elf.dir/07_Libraries/Source/stm32f4xx_rcc.c.obj
                                0xaa3 (size before relaxing)
 .debug_str     0x00001e0e      0x3d1 CMakeFiles/F407_Template.elf.dir/07_Libraries/Source/stm32f4xx_usart.c.obj
                                0x782 (size before relaxing)
 .debug_str     0x000021df       0x7b CMakeFiles/F407_Template.elf.dir/Startup/startup_stm32f40_41xxx.s.obj
                                 0xd9 (size before relaxing)

.comment        0x00000000       0x79
 .comment       0x00000000       0x79 CMakeFiles/F407_Template.elf.dir/01_App/main.c.obj
                                 0x7a (size before relaxing)
 .comment       0x00000079       0x7a CMakeFiles/F407_Template.elf.dir/04_ModuleDrivers/Source/bsp_gpio_led.c.obj
 .comment       0x00000079       0x7a CMakeFiles/F407_Template.elf.dir/04_ModuleDrivers/Source/bsp_usart_debug.c.obj
 .comment       0x00000079       0x7a CMakeFiles/F407_Template.elf.dir/05_SystemDrivers/Source/bsp_systick.c.obj
 .comment       0x00000079       0x7a CMakeFiles/F407_Template.elf.dir/06_Core/Source/stm32f4xx_it.c.obj
 .comment       0x00000079       0x7a CMakeFiles/F407_Template.elf.dir/06_Core/Source/system_stm32f4xx.c.obj
 .comment       0x00000079       0x7a CMakeFiles/F407_Template.elf.dir/07_Libraries/Source/misc.c.obj
 .comment       0x00000079       0x7a CMakeFiles/F407_Template.elf.dir/07_Libraries/Source/stm32f4xx_gpio.c.obj
 .comment       0x00000079       0x7a CMakeFiles/F407_Template.elf.dir/07_Libraries/Source/stm32f4xx_rcc.c.obj
 .comment       0x00000079       0x7a CMakeFiles/F407_Template.elf.dir/07_Libraries/Source/stm32f4xx_usart.c.obj

.debug_frame    0x00000000     0x1d70
 .debug_frame   0x00000000       0x30 CMakeFiles/F407_Template.elf.dir/01_App/main.c.obj
 .debug_frame   0x00000030       0x34 CMakeFiles/F407_Template.elf.dir/04_ModuleDrivers/Source/bsp_gpio_led.c.obj
 .debug_frame   0x00000064      0x10c CMakeFiles/F407_Template.elf.dir/04_ModuleDrivers/Source/bsp_usart_debug.c.obj
 .debug_frame   0x00000170       0xe4 CMakeFiles/F407_Template.elf.dir/05_SystemDrivers/Source/bsp_systick.c.obj
 .debug_frame   0x00000254      0x130 CMakeFiles/F407_Template.elf.dir/06_Core/Source/stm32f4xx_it.c.obj
 .debug_frame   0x00000384       0x7c CMakeFiles/F407_Template.elf.dir/06_Core/Source/system_stm32f4xx.c.obj
 .debug_frame   0x00000400       0xd8 CMakeFiles/F407_Template.elf.dir/07_Libraries/Source/misc.c.obj
 .debug_frame   0x000004d8      0x23c CMakeFiles/F407_Template.elf.dir/07_Libraries/Source/stm32f4xx_gpio.c.obj
 .debug_frame   0x00000714      0x83c CMakeFiles/F407_Template.elf.dir/07_Libraries/Source/stm32f4xx_rcc.c.obj
 .debug_frame   0x00000f50      0x490 CMakeFiles/F407_Template.elf.dir/07_Libraries/Source/stm32f4xx_usart.c.obj
 .debug_frame   0x000013e0       0x2c d:/embedded/gcc-arm-none-eabi-9-2019-q4-major-win32/bin/../lib/gcc/arm-none-eabi/9.2.1/../../../../arm-none-eabi/lib/thumb/v7e-m/nofp\libg_nano.a(lib_a-init.o)
 .debug_frame   0x0000140c       0x20 d:/embedded/gcc-arm-none-eabi-9-2019-q4-major-win32/bin/../lib/gcc/arm-none-eabi/9.2.1/../../../../arm-none-eabi/lib/thumb/v7e-m/nofp\libg_nano.a(lib_a-memset.o)
 .debug_frame   0x0000142c       0x3c d:/embedded/gcc-arm-none-eabi-9-2019-q4-major-win32/bin/../lib/gcc/arm-none-eabi/9.2.1/../../../../arm-none-eabi/lib/thumb/v7e-m/nofp\libg_nano.a(lib_a-puts.o)
 .debug_frame   0x00001468       0x6c d:/embedded/gcc-arm-none-eabi-9-2019-q4-major-win32/bin/../lib/gcc/arm-none-eabi/9.2.1/../../../../arm-none-eabi/lib/thumb/v7e-m/nofp\libg_nano.a(lib_a-sprintf.o)
 .debug_frame   0x000014d4       0x40 d:/embedded/gcc-arm-none-eabi-9-2019-q4-major-win32/bin/../lib/gcc/arm-none-eabi/9.2.1/../../../../arm-none-eabi/lib/thumb/v7e-m/nofp\libg_nano.a(lib_a-wbuf.o)
 .debug_frame   0x00001514       0x2c d:/embedded/gcc-arm-none-eabi-9-2019-q4-major-win32/bin/../lib/gcc/arm-none-eabi/9.2.1/../../../../arm-none-eabi/lib/thumb/v7e-m/nofp\libg_nano.a(lib_a-wsetup.o)
 .debug_frame   0x00001540       0x5c d:/embedded/gcc-arm-none-eabi-9-2019-q4-major-win32/bin/../lib/gcc/arm-none-eabi/9.2.1/../../../../arm-none-eabi/lib/thumb/v7e-m/nofp\libg_nano.a(lib_a-fflush.o)
 .debug_frame   0x0000159c      0x14c d:/embedded/gcc-arm-none-eabi-9-2019-q4-major-win32/bin/../lib/gcc/arm-none-eabi/9.2.1/../../../../arm-none-eabi/lib/thumb/v7e-m/nofp\libg_nano.a(lib_a-findfp.o)
 .debug_frame   0x000016e8       0x54 d:/embedded/gcc-arm-none-eabi-9-2019-q4-major-win32/bin/../lib/gcc/arm-none-eabi/9.2.1/../../../../arm-none-eabi/lib/thumb/v7e-m/nofp\libg_nano.a(lib_a-fwalk.o)
 .debug_frame   0x0000173c       0xb0 d:/embedded/gcc-arm-none-eabi-9-2019-q4-major-win32/bin/../lib/gcc/arm-none-eabi/9.2.1/../../../../arm-none-eabi/lib/thumb/v7e-m/nofp\libg_nano.a(lib_a-lock.o)
 .debug_frame   0x000017ec       0x58 d:/embedded/gcc-arm-none-eabi-9-2019-q4-major-win32/bin/../lib/gcc/arm-none-eabi/9.2.1/../../../../arm-none-eabi/lib/thumb/v7e-m/nofp\libg_nano.a(lib_a-makebuf.o)
 .debug_frame   0x00001844       0x38 d:/embedded/gcc-arm-none-eabi-9-2019-q4-major-win32/bin/../lib/gcc/arm-none-eabi/9.2.1/../../../../arm-none-eabi/lib/thumb/v7e-m/nofp\libg_nano.a(lib_a-nano-freer.o)
 .debug_frame   0x0000187c       0x30 d:/embedded/gcc-arm-none-eabi-9-2019-q4-major-win32/bin/../lib/gcc/arm-none-eabi/9.2.1/../../../../arm-none-eabi/lib/thumb/v7e-m/nofp\libg_nano.a(lib_a-nano-mallocr.o)
 .debug_frame   0x000018ac       0x90 d:/embedded/gcc-arm-none-eabi-9-2019-q4-major-win32/bin/../lib/gcc/arm-none-eabi/9.2.1/../../../../arm-none-eabi/lib/thumb/v7e-m/nofp\libg_nano.a(lib_a-nano-svfprintf.o)
 .debug_frame   0x0000193c       0x60 d:/embedded/gcc-arm-none-eabi-9-2019-q4-major-win32/bin/../lib/gcc/arm-none-eabi/9.2.1/../../../../arm-none-eabi/lib/thumb/v7e-m/nofp\libg_nano.a(lib_a-nano-vfprintf_i.o)
 .debug_frame   0x0000199c       0x2c d:/embedded/gcc-arm-none-eabi-9-2019-q4-major-win32/bin/../lib/gcc/arm-none-eabi/9.2.1/../../../../arm-none-eabi/lib/thumb/v7e-m/nofp\libg_nano.a(lib_a-sbrkr.o)
 .debug_frame   0x000019c8       0x88 d:/embedded/gcc-arm-none-eabi-9-2019-q4-major-win32/bin/../lib/gcc/arm-none-eabi/9.2.1/../../../../arm-none-eabi/lib/thumb/v7e-m/nofp\libg_nano.a(lib_a-stdio.o)
 .debug_frame   0x00001a50       0x2c d:/embedded/gcc-arm-none-eabi-9-2019-q4-major-win32/bin/../lib/gcc/arm-none-eabi/9.2.1/../../../../arm-none-eabi/lib/thumb/v7e-m/nofp\libg_nano.a(lib_a-writer.o)
 .debug_frame   0x00001a7c       0x2c d:/embedded/gcc-arm-none-eabi-9-2019-q4-major-win32/bin/../lib/gcc/arm-none-eabi/9.2.1/../../../../arm-none-eabi/lib/thumb/v7e-m/nofp\libg_nano.a(lib_a-closer.o)
 .debug_frame   0x00001aa8       0x2c d:/embedded/gcc-arm-none-eabi-9-2019-q4-major-win32/bin/../lib/gcc/arm-none-eabi/9.2.1/../../../../arm-none-eabi/lib/thumb/v7e-m/nofp\libg_nano.a(lib_a-fstatr.o)
 .debug_frame   0x00001ad4       0x2c d:/embedded/gcc-arm-none-eabi-9-2019-q4-major-win32/bin/../lib/gcc/arm-none-eabi/9.2.1/../../../../arm-none-eabi/lib/thumb/v7e-m/nofp\libg_nano.a(lib_a-isattyr.o)
 .debug_frame   0x00001b00       0x2c d:/embedded/gcc-arm-none-eabi-9-2019-q4-major-win32/bin/../lib/gcc/arm-none-eabi/9.2.1/../../../../arm-none-eabi/lib/thumb/v7e-m/nofp\libg_nano.a(lib_a-lseekr.o)
 .debug_frame   0x00001b2c       0x28 d:/embedded/gcc-arm-none-eabi-9-2019-q4-major-win32/bin/../lib/gcc/arm-none-eabi/9.2.1/../../../../arm-none-eabi/lib/thumb/v7e-m/nofp\libg_nano.a(lib_a-memcpy-stub.o)
 .debug_frame   0x00001b54       0x28 d:/embedded/gcc-arm-none-eabi-9-2019-q4-major-win32/bin/../lib/gcc/arm-none-eabi/9.2.1/../../../../arm-none-eabi/lib/thumb/v7e-m/nofp\libg_nano.a(lib_a-memmove.o)
 .debug_frame   0x00001b7c       0x30 d:/embedded/gcc-arm-none-eabi-9-2019-q4-major-win32/bin/../lib/gcc/arm-none-eabi/9.2.1/../../../../arm-none-eabi/lib/thumb/v7e-m/nofp\libg_nano.a(lib_a-mlock.o)
 .debug_frame   0x00001bac       0x3c d:/embedded/gcc-arm-none-eabi-9-2019-q4-major-win32/bin/../lib/gcc/arm-none-eabi/9.2.1/../../../../arm-none-eabi/lib/thumb/v7e-m/nofp\libg_nano.a(lib_a-nano-reallocr.o)
 .debug_frame   0x00001be8       0x2c d:/embedded/gcc-arm-none-eabi-9-2019-q4-major-win32/bin/../lib/gcc/arm-none-eabi/9.2.1/../../../../arm-none-eabi/lib/thumb/v7e-m/nofp\libg_nano.a(lib_a-readr.o)
 .debug_frame   0x00001c14       0x5c d:/embedded/gcc-arm-none-eabi-9-2019-q4-major-win32/bin/../lib/gcc/arm-none-eabi/9.2.1/../../../../arm-none-eabi/lib/thumb/v7e-m/nofp\libg_nano.a(lib_a-reent.o)
 .debug_frame   0x00001c70       0x20 d:/embedded/gcc-arm-none-eabi-9-2019-q4-major-win32/bin/../lib/gcc/arm-none-eabi/9.2.1/../../../../arm-none-eabi/lib/thumb/v7e-m/nofp\libg_nano.a(lib_a-nano-msizer.o)
 .debug_frame   0x00001c90       0x20 d:/embedded/gcc-arm-none-eabi-9-2019-q4-major-win32/bin/../lib/gcc/arm-none-eabi/9.2.1/../../../../arm-none-eabi/lib/thumb/v7e-m/nofp\libnosys.a(close.o)
 .debug_frame   0x00001cb0       0x20 d:/embedded/gcc-arm-none-eabi-9-2019-q4-major-win32/bin/../lib/gcc/arm-none-eabi/9.2.1/../../../../arm-none-eabi/lib/thumb/v7e-m/nofp\libnosys.a(fstat.o)
 .debug_frame   0x00001cd0       0x20 d:/embedded/gcc-arm-none-eabi-9-2019-q4-major-win32/bin/../lib/gcc/arm-none-eabi/9.2.1/../../../../arm-none-eabi/lib/thumb/v7e-m/nofp\libnosys.a(isatty.o)
 .debug_frame   0x00001cf0       0x20 d:/embedded/gcc-arm-none-eabi-9-2019-q4-major-win32/bin/../lib/gcc/arm-none-eabi/9.2.1/../../../../arm-none-eabi/lib/thumb/v7e-m/nofp\libnosys.a(lseek.o)
 .debug_frame   0x00001d10       0x20 d:/embedded/gcc-arm-none-eabi-9-2019-q4-major-win32/bin/../lib/gcc/arm-none-eabi/9.2.1/../../../../arm-none-eabi/lib/thumb/v7e-m/nofp\libnosys.a(read.o)
 .debug_frame   0x00001d30       0x20 d:/embedded/gcc-arm-none-eabi-9-2019-q4-major-win32/bin/../lib/gcc/arm-none-eabi/9.2.1/../../../../arm-none-eabi/lib/thumb/v7e-m/nofp\libnosys.a(sbrk.o)
 .debug_frame   0x00001d50       0x20 d:/embedded/gcc-arm-none-eabi-9-2019-q4-major-win32/bin/../lib/gcc/arm-none-eabi/9.2.1/../../../../arm-none-eabi/lib/thumb/v7e-m/nofp\libnosys.a(write.o)

.stab           0x00000000       0x9c
 .stab          0x00000000       0x24 d:/embedded/gcc-arm-none-eabi-9-2019-q4-major-win32/bin/../lib/gcc/arm-none-eabi/9.2.1/../../../../arm-none-eabi/lib/thumb/v7e-m/nofp\libnosys.a(close.o)
 .stab          0x00000024       0x18 d:/embedded/gcc-arm-none-eabi-9-2019-q4-major-win32/bin/../lib/gcc/arm-none-eabi/9.2.1/../../../../arm-none-eabi/lib/thumb/v7e-m/nofp\libnosys.a(fstat.o)
                                 0x24 (size before relaxing)
 .stab          0x0000003c       0x18 d:/embedded/gcc-arm-none-eabi-9-2019-q4-major-win32/bin/../lib/gcc/arm-none-eabi/9.2.1/../../../../arm-none-eabi/lib/thumb/v7e-m/nofp\libnosys.a(isatty.o)
                                 0x24 (size before relaxing)
 .stab          0x00000054       0x18 d:/embedded/gcc-arm-none-eabi-9-2019-q4-major-win32/bin/../lib/gcc/arm-none-eabi/9.2.1/../../../../arm-none-eabi/lib/thumb/v7e-m/nofp\libnosys.a(lseek.o)
                                 0x24 (size before relaxing)
 .stab          0x0000006c       0x18 d:/embedded/gcc-arm-none-eabi-9-2019-q4-major-win32/bin/../lib/gcc/arm-none-eabi/9.2.1/../../../../arm-none-eabi/lib/thumb/v7e-m/nofp\libnosys.a(read.o)
                                 0x24 (size before relaxing)
 .stab          0x00000084       0x18 d:/embedded/gcc-arm-none-eabi-9-2019-q4-major-win32/bin/../lib/gcc/arm-none-eabi/9.2.1/../../../../arm-none-eabi/lib/thumb/v7e-m/nofp\libnosys.a(write.o)
                                 0x24 (size before relaxing)

.stabstr        0x00000000      0x14d
 .stabstr       0x00000000      0x14d d:/embedded/gcc-arm-none-eabi-9-2019-q4-major-win32/bin/../lib/gcc/arm-none-eabi/9.2.1/../../../../arm-none-eabi/lib/thumb/v7e-m/nofp\libnosys.a(close.o)
